Archive member included to satisfy reference by file (symbol)

c:/program files (x86)/atollic/truestudio for stm32 9.1.0/armtools/bin/../lib/gcc/arm-atollic-eabi/6.3.1/../../../../arm-atollic-eabi/lib/armv7e-m/softfp\libc_nano.a(lib_a-init.o)
                              src\startup_stm32f4xx.o (__libc_init_array)
c:/program files (x86)/atollic/truestudio for stm32 9.1.0/armtools/bin/../lib/gcc/arm-atollic-eabi/6.3.1/../../../../arm-atollic-eabi/lib/armv7e-m/softfp\libc_nano.a(lib_a-malloc.o)
                              src\TaskScheduler.o (malloc)
c:/program files (x86)/atollic/truestudio for stm32 9.1.0/armtools/bin/../lib/gcc/arm-atollic-eabi/6.3.1/../../../../arm-atollic-eabi/lib/armv7e-m/softfp\libc_nano.a(lib_a-memcpy-stub.o)
                              FreeRTOS_Source\queue.o (memcpy)
c:/program files (x86)/atollic/truestudio for stm32 9.1.0/armtools/bin/../lib/gcc/arm-atollic-eabi/6.3.1/../../../../arm-atollic-eabi/lib/armv7e-m/softfp\libc_nano.a(lib_a-memset.o)
                              FreeRTOS_Source\tasks.o (memset)
c:/program files (x86)/atollic/truestudio for stm32 9.1.0/armtools/bin/../lib/gcc/arm-atollic-eabi/6.3.1/../../../../arm-atollic-eabi/lib/armv7e-m/softfp\libc_nano.a(lib_a-nano-freer.o)
                              c:/program files (x86)/atollic/truestudio for stm32 9.1.0/armtools/bin/../lib/gcc/arm-atollic-eabi/6.3.1/../../../../arm-atollic-eabi/lib/armv7e-m/softfp\libc_nano.a(lib_a-malloc.o) (_free_r)
c:/program files (x86)/atollic/truestudio for stm32 9.1.0/armtools/bin/../lib/gcc/arm-atollic-eabi/6.3.1/../../../../arm-atollic-eabi/lib/armv7e-m/softfp\libc_nano.a(lib_a-nano-mallocr.o)
                              c:/program files (x86)/atollic/truestudio for stm32 9.1.0/armtools/bin/../lib/gcc/arm-atollic-eabi/6.3.1/../../../../arm-atollic-eabi/lib/armv7e-m/softfp\libc_nano.a(lib_a-malloc.o) (_malloc_r)
c:/program files (x86)/atollic/truestudio for stm32 9.1.0/armtools/bin/../lib/gcc/arm-atollic-eabi/6.3.1/../../../../arm-atollic-eabi/lib/armv7e-m/softfp\libc_nano.a(lib_a-puts.o)
                              src\TaskMonitor.o (puts)
c:/program files (x86)/atollic/truestudio for stm32 9.1.0/armtools/bin/../lib/gcc/arm-atollic-eabi/6.3.1/../../../../arm-atollic-eabi/lib/armv7e-m/softfp\libc_nano.a(lib_a-reent.o)
                              src\syscalls.o (errno)
c:/program files (x86)/atollic/truestudio for stm32 9.1.0/armtools/bin/../lib/gcc/arm-atollic-eabi/6.3.1/../../../../arm-atollic-eabi/lib/armv7e-m/softfp\libc_nano.a(lib_a-sbrkr.o)
                              c:/program files (x86)/atollic/truestudio for stm32 9.1.0/armtools/bin/../lib/gcc/arm-atollic-eabi/6.3.1/../../../../arm-atollic-eabi/lib/armv7e-m/softfp\libc_nano.a(lib_a-nano-mallocr.o) (_sbrk_r)
c:/program files (x86)/atollic/truestudio for stm32 9.1.0/armtools/bin/../lib/gcc/arm-atollic-eabi/6.3.1/../../../../arm-atollic-eabi/lib/armv7e-m/softfp\libc_nano.a(lib_a-wbuf.o)
                              c:/program files (x86)/atollic/truestudio for stm32 9.1.0/armtools/bin/../lib/gcc/arm-atollic-eabi/6.3.1/../../../../arm-atollic-eabi/lib/armv7e-m/softfp\libc_nano.a(lib_a-puts.o) (__swbuf_r)
c:/program files (x86)/atollic/truestudio for stm32 9.1.0/armtools/bin/../lib/gcc/arm-atollic-eabi/6.3.1/../../../../arm-atollic-eabi/lib/armv7e-m/softfp\libc_nano.a(lib_a-wsetup.o)
                              c:/program files (x86)/atollic/truestudio for stm32 9.1.0/armtools/bin/../lib/gcc/arm-atollic-eabi/6.3.1/../../../../arm-atollic-eabi/lib/armv7e-m/softfp\libc_nano.a(lib_a-puts.o) (__swsetup_r)
c:/program files (x86)/atollic/truestudio for stm32 9.1.0/armtools/bin/../lib/gcc/arm-atollic-eabi/6.3.1/../../../../arm-atollic-eabi/lib/armv7e-m/softfp\libc_nano.a(lib_a-fflush.o)
                              c:/program files (x86)/atollic/truestudio for stm32 9.1.0/armtools/bin/../lib/gcc/arm-atollic-eabi/6.3.1/../../../../arm-atollic-eabi/lib/armv7e-m/softfp\libc_nano.a(lib_a-wbuf.o) (_fflush_r)
c:/program files (x86)/atollic/truestudio for stm32 9.1.0/armtools/bin/../lib/gcc/arm-atollic-eabi/6.3.1/../../../../arm-atollic-eabi/lib/armv7e-m/softfp\libc_nano.a(lib_a-findfp.o)
                              c:/program files (x86)/atollic/truestudio for stm32 9.1.0/armtools/bin/../lib/gcc/arm-atollic-eabi/6.3.1/../../../../arm-atollic-eabi/lib/armv7e-m/softfp\libc_nano.a(lib_a-puts.o) (__sinit)
c:/program files (x86)/atollic/truestudio for stm32 9.1.0/armtools/bin/../lib/gcc/arm-atollic-eabi/6.3.1/../../../../arm-atollic-eabi/lib/armv7e-m/softfp\libc_nano.a(lib_a-fwalk.o)
                              c:/program files (x86)/atollic/truestudio for stm32 9.1.0/armtools/bin/../lib/gcc/arm-atollic-eabi/6.3.1/../../../../arm-atollic-eabi/lib/armv7e-m/softfp\libc_nano.a(lib_a-findfp.o) (_fwalk)
c:/program files (x86)/atollic/truestudio for stm32 9.1.0/armtools/bin/../lib/gcc/arm-atollic-eabi/6.3.1/../../../../arm-atollic-eabi/lib/armv7e-m/softfp\libc_nano.a(lib_a-impure.o)
[...]
Memory Configuration

Name             Origin             Length             Attributes
FLASH            0x08000000         0x00100000         xr
RAM              0x20000000         0x00020000         xrw
MEMORY_B1        0x60000000         0x00000000         xr
CCMRAM           0x10000000         0x00010000         rw
*default*        0x00000000         0xffffffff

Linker script and memory map

LOAD c:/program files (x86)/atollic/truestudio for stm32 9.1.0/armtools/bin/../lib/gcc/arm-atollic-eabi/6.3.1/armv7e-m/softfp/crti.o
LOAD c:/program files (x86)/atollic/truestudio for stm32 9.1.0/armtools/bin/../lib/gcc/arm-atollic-eabi/6.3.1/armv7e-m/softfp/crtbegin.o
LOAD FreeRTOS_Source\croutine.o
LOAD FreeRTOS_Source\event_groups.o
LOAD FreeRTOS_Source\list.o
LOAD FreeRTOS_Source\portable\GCC\ARM_CM4F\port.o
LOAD FreeRTOS_Source\portable\MemMang\heap_4.o
LOAD FreeRTOS_Source\queue.o
LOAD FreeRTOS_Source\tasks.o
LOAD FreeRTOS_Source\timers.o
LOAD Libraries\STM32F4xx_StdPeriph_Driver\src\misc.o
LOAD Libraries\STM32F4xx_StdPeriph_Driver\src\stm32f4xx_adc.o
LOAD Libraries\STM32F4xx_StdPeriph_Driver\src\stm32f4xx_can.o
LOAD Libraries\STM32F4xx_StdPeriph_Driver\src\stm32f4xx_crc.o
LOAD Libraries\STM32F4xx_StdPeriph_Driver\src\stm32f4xx_cryp.o
LOAD Libraries\STM32F4xx_StdPeriph_Driver\src\stm32f4xx_cryp_aes.o
LOAD Libraries\STM32F4xx_StdPeriph_Driver\src\stm32f4xx_cryp_des.o
LOAD Libraries\STM32F4xx_StdPeriph_Driver\src\stm32f4xx_cryp_tdes.o
LOAD Libraries\STM32F4xx_StdPeriph_Driver\src\stm32f4xx_dac.o
LOAD Libraries\STM32F4xx_StdPeriph_Driver\src\stm32f4xx_dbgmcu.o
LOAD Libraries\STM32F4xx_StdPeriph_Driver\src\stm32f4xx_dcmi.o
LOAD Libraries\STM32F4xx_StdPeriph_Driver\src\stm32f4xx_dma.o
LOAD Libraries\STM32F4xx_StdPeriph_Driver\src\stm32f4xx_exti.o
LOAD Libraries\STM32F4xx_StdPeriph_Driver\src\stm32f4xx_flash.o
LOAD Libraries\STM32F4xx_StdPeriph_Driver\src\stm32f4xx_fsmc.o
LOAD Libraries\STM32F4xx_StdPeriph_Driver\src\stm32f4xx_gpio.o
LOAD Libraries\STM32F4xx_StdPeriph_Driver\src\stm32f4xx_hash.o
LOAD Libraries\STM32F4xx_StdPeriph_Driver\src\stm32f4xx_hash_md5.o
LOAD Libraries\STM32F4xx_StdPeriph_Driver\src\stm32f4xx_hash_sha1.o
LOAD Libraries\STM32F4xx_StdPeriph_Driver\src\stm32f4xx_i2c.o
LOAD Libraries\STM32F4xx_StdPeriph_Driver\src\stm32f4xx_iwdg.o
LOAD Libraries\STM32F4xx_StdPeriph_Driver\src\stm32f4xx_pwr.o
LOAD Libraries\STM32F4xx_StdPeriph_Driver\src\stm32f4xx_rcc.o
LOAD Libraries\STM32F4xx_StdPeriph_Driver\src\stm32f4xx_rng.o
LOAD Libraries\STM32F4xx_StdPeriph_Driver\src\stm32f4xx_rtc.o
LOAD Libraries\STM32F4xx_StdPeriph_Driver\src\stm32f4xx_sdio.o
LOAD Libraries\STM32F4xx_StdPeriph_Driver\src\stm32f4xx_spi.o
LOAD Libraries\STM32F4xx_StdPeriph_Driver\src\stm32f4xx_syscfg.o
LOAD Libraries\STM32F4xx_StdPeriph_Driver\src\stm32f4xx_tim.o
LOAD Libraries\STM32F4xx_StdPeriph_Driver\src\stm32f4xx_usart.o
LOAD Libraries\STM32F4xx_StdPeriph_Driver\src\stm32f4xx_wwdg.o
LOAD Utilities\STM32F4-Discovery\stm32f4_discovery.o
LOAD Utilities\STM32F4-Discovery\stm32f4_discovery_audio_codec.o
LOAD Utilities\STM32F4-Discovery\stm32f4_discovery_lis302dl.o
LOAD src\STM32F4-Discovery_callback.o
LOAD src\TaskGenerator.o
LOAD src\TaskMonitor.o
LOAD src\TaskScheduler.o
LOAD src\main.o
LOAD src\startup_stm32f4xx.o
LOAD src\stm32f4xx_it.o
LOAD src\syscalls.o
LOAD src\system_stm32f4xx.o
LOAD src\tiny_printf.o
LOAD c:/program files (x86)/atollic/truestudio for stm32 9.1.0/armtools/bin/../lib/gcc/arm-atollic-eabi/6.3.1/../../../../arm-atollic-eabi/lib/armv7e-m/softfp\libm.a
                0x00000080                malloc_getpagesize_P = 0x80
START GROUP
LOAD c:/program files (x86)/atollic/truestudio for stm32 9.1.0/armtools/bin/../lib/gcc/arm-atollic-eabi/6.3.1/../../../../arm-atollic-eabi/lib/armv7e-m/softfp\libc_nano.a
LOAD c:/program files (x86)/atollic/truestudio for stm32 9.1.0/armtools/bin/../lib/gcc/arm-atollic-eabi/6.3.1/../../../../arm-atollic-eabi/lib/armv7e-m/softfp\libm.a
END GROUP
START GROUP
LOAD c:/program files (x86)/atollic/truestudio for stm32 9.1.0/armtools/bin/../lib/gcc/arm-atollic-eabi/6.3.1/armv7e-m/softfp\libgcc.a
LOAD c:/program files (x86)/atollic/truestudio for stm32 9.1.0/armtools/bin/../lib/gcc/arm-atollic-eabi/6.3.1/../../../../arm-atollic-eabi/lib/armv7e-m/softfp\libc_nano.a
END GROUP
START GROUP
LOAD c:/program files (x86)/atollic/truestudio for stm32 9.1.0/armtools/bin/../lib/gcc/arm-atollic-eabi/6.3.1/armv7e-m/softfp\libgcc.a
LOAD c:/program files (x86)/atollic/truestudio for stm32 9.1.0/armtools/bin/../lib/gcc/arm-atollic-eabi/6.3.1/../../../../arm-atollic-eabi/lib/armv7e-m/softfp\libc_nano.a
LOAD c:/program files (x86)/atollic/truestudio for stm32 9.1.0/armtools/bin/../lib/gcc/arm-atollic-eabi/6.3.1/../../../../arm-atollic-eabi/lib/armv7e-m/softfp\libnosys.a
END GROUP
START GROUP
LOAD c:/program files (x86)/atollic/truestudio for stm32 9.1.0/armtools/bin/../lib/gcc/arm-atollic-eabi/6.3.1/armv7e-m/softfp\libgcc.a
LOAD c:/program files (x86)/atollic/truestudio for stm32 9.1.0/armtools/bin/../lib/gcc/arm-atollic-eabi/6.3.1/../../../../arm-atollic-eabi/lib/armv7e-m/softfp\libc_nano.a
LOAD c:/program files (x86)/atollic/truestudio for stm32 9.1.0/armtools/bin/../lib/gcc/arm-atollic-eabi/6.3.1/../../../../arm-atollic-eabi/lib/armv7e-m/softfp\libnosys.a
END GROUP
LOAD c:/program files (x86)/atollic/truestudio for stm32 9.1.0/armtools/bin/../lib/gcc/arm-atollic-eabi/6.3.1/armv7e-m/softfp/crtend.o
LOAD c:/program files (x86)/atollic/truestudio for stm32 9.1.0/armtools/bin/../lib/gcc/arm-atollic-eabi/6.3.1/armv7e-m/softfp/crtn.o
                0x20020000                _estack = 0x20020000
                0x00000000                _Min_Heap_Size = 0x0
                0x00000400                _Min_Stack_Size = 0x400

.isr_vector     0x08000000      0x188
                0x08000000                . = ALIGN (0x4)
 *(.isr_vector)
 .isr_vector    0x08000000      0x188 src\startup_stm32f4xx.o
                0x08000000                g_pfnVectors
                0x08000188                . = ALIGN (0x4)

.text           0x08000190     0x4b7c
                0x08000190                . = ALIGN (0x4)
 *(.text)
 .text          0x08000190       0x40 c:/program files (x86)/atollic/truestudio for stm32 9.1.0/armtools/bin/../lib/gcc/arm-atollic-eabi/6.3.1/armv7e-m/softfp/crtbegin.o
 *(.text*)
 .text.vListInitialise
                0x080001d0       0x40 FreeRTOS_Source\list.o
                0x080001d0                vListInitialise
 .text.vListInitialiseItem
                0x08000210       0x1a FreeRTOS_Source\list.o
                0x08000210                vListInitialiseItem
 .text.vListInsertEnd
                0x0800022a       0x48 FreeRTOS_Source\list.o
                0x0800022a                vListInsertEnd
 .text.vListInsert
                0x08000272       0x72 FreeRTOS_Source\list.o
                0x08000272                vListInsert
 .text.uxListRemove
                0x080002e4       0x54 FreeRTOS_Source\list.o
                0x080002e4                uxListRemove
 .text.pxPortInitialiseStack
                0x08000338       0x68 FreeRTOS_Source\portable\GCC\ARM_CM4F\port.o
                0x08000338                pxPortInitialiseStack
 .text.prvTaskExitError
                0x080003a0       0x3c FreeRTOS_Source\portable\GCC\ARM_CM4F\port.o
 *fill*         0x080003dc        0x4 
 .text.SVC_Handler
                0x080003e0       0x28 FreeRTOS_Source\portable\GCC\ARM_CM4F\port.o
                0x080003e0                SVC_Handler
 .text.prvPortStartFirstTask
                0x08000408       0x20 FreeRTOS_Source\portable\GCC\ARM_CM4F\port.o
 .text.xPortStartScheduler
                0x08000428      0x118 FreeRTOS_Source\portable\GCC\ARM_CM4F\port.o
                0x08000428                xPortStartScheduler
 .text.vPortEnterCritical
                0x08000540       0x5c FreeRTOS_Source\portable\GCC\ARM_CM4F\port.o
                0x08000540                vPortEnterCritical
 .text.vPortExitCritical
                0x0800059c       0x50 FreeRTOS_Source\portable\GCC\ARM_CM4F\port.o
                0x0800059c                vPortExitCritical
 *fill*         0x080005ec        0x4 
 .text.PendSV_Handler
                0x080005f0       0x68 FreeRTOS_Source\portable\GCC\ARM_CM4F\port.o
                0x080005f0                PendSV_Handler
 .text.SysTick_Handler
                0x08000658       0x40 FreeRTOS_Source\portable\GCC\ARM_CM4F\port.o
                0x08000658                SysTick_Handler
 .text.vPortSetupTimerInterrupt
                0x08000698       0x38 FreeRTOS_Source\portable\GCC\ARM_CM4F\port.o
                0x08000698                vPortSetupTimerInterrupt
 .text.vPortEnableVFP
                0x080006d0       0x14 FreeRTOS_Source\portable\GCC\ARM_CM4F\port.o
 .text.vPortValidateInterruptPriority
                0x080006e4       0x7c FreeRTOS_Source\portable\GCC\ARM_CM4F\port.o
                0x080006e4                vPortValidateInterruptPriority
 .text.pvPortMalloc
                0x08000760      0x18c FreeRTOS_Source\portable\MemMang\heap_4.o
                0x08000760                pvPortMalloc
 .text.vPortFree
                0x080008ec       0xb0 FreeRTOS_Source\portable\MemMang\heap_4.o
                0x080008ec                vPortFree
 .text.xPortGetFreeHeapSize
                0x0800099c       0x18 FreeRTOS_Source\portable\MemMang\heap_4.o
                0x0800099c                xPortGetFreeHeapSize
 .text.prvHeapInit
                0x080009b4       0xc4 FreeRTOS_Source\portable\MemMang\heap_4.o
 .text.prvInsertBlockIntoFreeList
                0x08000a78       0xb4 FreeRTOS_Source\portable\MemMang\heap_4.o
 .text.xQueueGenericReset
                0x08000b2c       0xd0 FreeRTOS_Source\queue.o
                0x08000b2c                xQueueGenericReset
 .text.xQueueGenericCreate
                0x08000bfc       0x72 FreeRTOS_Source\queue.o
                0x08000bfc                xQueueGenericCreate
 .text.prvInitialiseNewQueue
                0x08000c6e       0x3e FreeRTOS_Source\queue.o
 .text.xQueueGenericSend
                0x08000cac      0x1f4 FreeRTOS_Source\queue.o
                0x08000cac                xQueueGenericSend
 .text.xQueueGenericSendFromISR
                0x08000ea0      0x128 FreeRTOS_Source\queue.o
                0x08000ea0                xQueueGenericSendFromISR
 .text.xQueueGenericReceive
                0x08000fc8      0x224 FreeRTOS_Source\queue.o
                0x08000fc8                xQueueGenericReceive
 .text.prvCopyDataToQueue
                0x080011ec       0xd4 FreeRTOS_Source\queue.o
 .text.prvCopyDataFromQueue
                0x080012c0       0x4c FreeRTOS_Source\queue.o
 .text.prvUnlockQueue
                0x0800130c       0xa4 FreeRTOS_Source\queue.o
 .text.prvIsQueueEmpty
                0x080013b0       0x2c FreeRTOS_Source\queue.o
 .text.prvIsQueueFull
                0x080013dc       0x30 FreeRTOS_Source\queue.o
 .text.vQueueAddToRegistry
                0x0800140c       0x50 FreeRTOS_Source\queue.o
                0x0800140c                vQueueAddToRegistry
 .text.vQueueWaitForMessageRestricted
                0x0800145c       0x68 FreeRTOS_Source\queue.o
                0x0800145c                vQueueWaitForMessageRestricted
 .text.xTaskCreate
                0x080014c4       0x82 FreeRTOS_Source\tasks.o
                0x080014c4                xTaskCreate
 .text.prvInitialiseNewTask
                0x08001546      0x10c FreeRTOS_Source\tasks.o
 *fill*         0x08001652        0x2 
 .text.prvAddNewTaskToReadyList
                0x08001654       0xd4 FreeRTOS_Source\tasks.o
 .text.vTaskDelete
                0x08001728      0x11c FreeRTOS_Source\tasks.o
                0x08001728                vTaskDelete
 .text.vTaskDelay
                0x08001844       0x68 FreeRTOS_Source\tasks.o
                0x08001844                vTaskDelay
 .text.vTaskPrioritySet
                0x080018ac      0x15c FreeRTOS_Source\tasks.o
                0x080018ac                vTaskPrioritySet
 .text.vTaskStartScheduler
                0x08001a08       0x98 FreeRTOS_Source\tasks.o
                0x08001a08                vTaskStartScheduler
 .text.vTaskSuspendAll
                0x08001aa0       0x1c FreeRTOS_Source\tasks.o
                0x08001aa0                vTaskSuspendAll
 .text.xTaskResumeAll
                0x08001abc      0x138 FreeRTOS_Source\tasks.o
                0x08001abc                xTaskResumeAll
 .text.xTaskGetTickCount
                0x08001bf4       0x20 FreeRTOS_Source\tasks.o
                0x08001bf4                xTaskGetTickCount
 .text.xTaskIncrementTick
                0x08001c14      0x178 FreeRTOS_Source\tasks.o
                0x08001c14                xTaskIncrementTick
 .text.vTaskSwitchContext
                0x08001d8c      0x100 FreeRTOS_Source\tasks.o
                0x08001d8c                vTaskSwitchContext
 .text.vTaskPlaceOnEventList
                0x08001e8c       0x48 FreeRTOS_Source\tasks.o
                0x08001e8c                vTaskPlaceOnEventList
 .text.vTaskPlaceOnEventListRestricted
                0x08001ed4       0x54 FreeRTOS_Source\tasks.o
                0x08001ed4                vTaskPlaceOnEventListRestricted
 .text.xTaskRemoveFromEventList
                0x08001f28       0xc4 FreeRTOS_Source\tasks.o
                0x08001f28                xTaskRemoveFromEventList
 .text.vTaskSetTimeOutState
                0x08001fec       0x48 FreeRTOS_Source\tasks.o
                0x08001fec                vTaskSetTimeOutState
 .text.xTaskCheckForTimeOut
                0x08002034       0xbc FreeRTOS_Source\tasks.o
                0x08002034                xTaskCheckForTimeOut
 .text.vTaskMissedYield
                0x080020f0       0x18 FreeRTOS_Source\tasks.o
                0x080020f0                vTaskMissedYield
 .text.prvIdleTask
                0x08002108       0x34 FreeRTOS_Source\tasks.o
 .text.prvInitialiseTaskLists
                0x0800213c       0x80 FreeRTOS_Source\tasks.o
 .text.prvCheckTasksWaitingTermination
                0x080021bc       0x78 FreeRTOS_Source\tasks.o
 .text.prvDeleteTCB
                0x08002234       0x20 FreeRTOS_Source\tasks.o
 .text.prvResetNextTaskUnblockTime
                0x08002254       0x4c FreeRTOS_Source\tasks.o
 .text.xTaskGetSchedulerState
                0x080022a0       0x3c FreeRTOS_Source\tasks.o
                0x080022a0                xTaskGetSchedulerState
 .text.vTaskPriorityInherit
                0x080022dc       0xec FreeRTOS_Source\tasks.o
                0x080022dc                vTaskPriorityInherit
 .text.xTaskPriorityDisinherit
                0x080023c8      0x108 FreeRTOS_Source\tasks.o
                0x080023c8                xTaskPriorityDisinherit
 .text.pvTaskIncrementMutexHeldCount
                0x080024d0       0x28 FreeRTOS_Source\tasks.o
                0x080024d0                pvTaskIncrementMutexHeldCount
 .text.prvAddCurrentTaskToDelayedList
                0x080024f8       0xcc FreeRTOS_Source\tasks.o
 .text.xTimerCreateTimerTask
                0x080025c4       0x64 FreeRTOS_Source\timers.o
                0x080025c4                xTimerCreateTimerTask
 .text.xTimerCreate
                0x08002628       0x3a FreeRTOS_Source\timers.o
                0x08002628                xTimerCreate
 .text.prvInitialiseNewTimer
                0x08002662       0x62 FreeRTOS_Source\timers.o
 .text.xTimerGenericCommand
                0x080026c4       0x98 FreeRTOS_Source\timers.o
                0x080026c4                xTimerGenericCommand
 .text.prvProcessExpiredTimer
                0x0800275c       0x80 FreeRTOS_Source\timers.o
 .text.prvTimerTask
                0x080027dc       0x24 FreeRTOS_Source\timers.o
 .text.prvProcessTimerOrBlockTask
                0x08002800       0x9c FreeRTOS_Source\timers.o
 .text.prvGetNextExpireTime
                0x0800289c       0x48 FreeRTOS_Source\timers.o
 .text.prvSampleTimeNow
                0x080028e4       0x40 FreeRTOS_Source\timers.o
 .text.prvInsertTimerInActiveList
                0x08002924       0x84 FreeRTOS_Source\timers.o
 .text.prvProcessReceivedCommands
                0x080029a8      0x124 FreeRTOS_Source\timers.o
 .text.prvSwitchTimerLists
                0x08002acc       0xc0 FreeRTOS_Source\timers.o
 .text.prvCheckForValidListAndQueue
                0x08002b8c       0x6c FreeRTOS_Source\timers.o
 .text.DAC_SetChannel1Data
                0x08002bf8       0x38 Libraries\STM32F4xx_StdPeriph_Driver\src\stm32f4xx_dac.o
                0x08002bf8                DAC_SetChannel1Data
 .text.DMA_Init
                0x08002c30       0xb0 Libraries\STM32F4xx_StdPeriph_Driver\src\stm32f4xx_dma.o
                0x08002c30                DMA_Init
 .text.DMA_Cmd  0x08002ce0       0x38 Libraries\STM32F4xx_StdPeriph_Driver\src\stm32f4xx_dma.o
                0x08002ce0                DMA_Cmd
 .text.DMA_GetCmdStatus
                0x08002d18       0x30 Libraries\STM32F4xx_StdPeriph_Driver\src\stm32f4xx_dma.o
                0x08002d18                DMA_GetCmdStatus
 .text.DMA_GetFlagStatus
                0x08002d48       0x78 Libraries\STM32F4xx_StdPeriph_Driver\src\stm32f4xx_dma.o
                0x08002d48                DMA_GetFlagStatus
 .text.DMA_ClearFlag
                0x08002dc0       0x5c Libraries\STM32F4xx_StdPeriph_Driver\src\stm32f4xx_dma.o
                0x08002dc0                DMA_ClearFlag
 .text.SPI_I2S_SendData
                0x08002e1c       0x1e Libraries\STM32F4xx_StdPeriph_Driver\src\stm32f4xx_spi.o
                0x08002e1c                SPI_I2S_SendData
 .text.SPI_I2S_GetFlagStatus
                0x08002e3a       0x38 Libraries\STM32F4xx_StdPeriph_Driver\src\stm32f4xx_spi.o
                0x08002e3a                SPI_I2S_GetFlagStatus
 *fill*         0x08002e72        0x2 
 .text.Audio_MAL_IRQHandler
                0x08002e74      0x100 Utilities\STM32F4-Discovery\stm32f4_discovery_audio_codec.o
 .text.DMA1_Stream7_IRQHandler
                0x08002f74        0xc Utilities\STM32F4-Discovery\stm32f4_discovery_audio_codec.o
                0x08002f74                DMA1_Stream7_IRQHandler
 .text.DMA1_Stream0_IRQHandler
                0x08002f80        0xc Utilities\STM32F4-Discovery\stm32f4_discovery_audio_codec.o
                0x08002f80                DMA1_Stream0_IRQHandler
 .text.SPI3_IRQHandler
                0x08002f8c       0x44 Utilities\STM32F4-Discovery\stm32f4_discovery_audio_codec.o
                0x08002f8c                SPI3_IRQHandler
 .text.EVAL_AUDIO_TransferComplete_CallBack
                0x08002fd0       0x16 src\STM32F4-Discovery_callback.o
                0x08002fd0                EVAL_AUDIO_TransferComplete_CallBack
 .text.EVAL_AUDIO_GetSampleCallBack
                0x08002fe6       0x10 src\STM32F4-Discovery_callback.o
                0x08002fe6                EVAL_AUDIO_GetSampleCallBack
 *fill*         0x08002ff6        0x2 
 .text.Task1    0x08002ff8       0x74 src\TaskGenerator.o
                0x08002ff8                Task1
 .text.Task2    0x0800306c       0x74 src\TaskGenerator.o
                0x0800306c                Task2
 .text.Task3    0x080030e0       0x74 src\TaskGenerator.o
                0x080030e0                Task3
 .text.Task1GeneratorCallback
                0x08003154       0xa0 src\TaskGenerator.o
                0x08003154                Task1GeneratorCallback
 .text.Task2GeneratorCallback
                0x080031f4       0xa0 src\TaskGenerator.o
                0x080031f4                Task2GeneratorCallback
 .text.Task3GeneratorCallback
                0x08003294       0xa0 src\TaskGenerator.o
                0x08003294                Task3GeneratorCallback
 .text.MonitorTask
                0x08003334       0xdc src\TaskMonitor.o
                0x08003334                MonitorTask
 .text.getTaskListSize
                0x08003410       0x32 src\TaskMonitor.o
                0x08003410                getTaskListSize
 *fill*         0x08003442        0x2 
 .text.DDSchedulerTask
                0x08003444      0x1b0 src\TaskScheduler.o
                0x08003444                DDSchedulerTask
 .text.create_dd_task
                0x080035f4       0x90 src\TaskScheduler.o
                0x080035f4                create_dd_task
 .text.delete_dd_task
                0x08003684       0x24 src\TaskScheduler.o
                0x08003684                delete_dd_task
 .text.get_active_dd_task_list
                0x080036a8       0x18 src\TaskScheduler.o
                0x080036a8                get_active_dd_task_list
 .text.get_complete_dd_task_list
                0x080036c0       0x18 src\TaskScheduler.o
                0x080036c0                get_complete_dd_task_list
 .text.get_overdue_dd_task_list
                0x080036d8       0x18 src\TaskScheduler.o
                0x080036d8                get_overdue_dd_task_list
 .text.push_to_list
                0x080036f0       0x5c src\TaskScheduler.o
                0x080036f0                push_to_list
 .text.push_to_list_edf
                0x0800374c       0x94 src\TaskScheduler.o
                0x0800374c                push_to_list_edf
 .text.remove_from_list
                0x080037e0       0x78 src\TaskScheduler.o
                0x080037e0                remove_from_list
 .text.main     0x08003858      0x154 src\main.o
                0x08003858                main
 .text.set_test_bench
                0x080039ac       0xc0 src\main.o
                0x080039ac                set_test_bench
 .text.vApplicationMallocFailedHook
                0x08003a6c        0x6 src\main.o
                0x08003a6c                vApplicationMallocFailedHook
 .text.vApplicationStackOverflowHook
                0x08003a72        0xc src\main.o
                0x08003a72                vApplicationStackOverflowHook
 .text.vApplicationIdleHook
                0x08003a7e       0x18 src\main.o
                0x08003a7e                vApplicationIdleHook
 *fill*         0x08003a96        0x2 
 .text.Reset_Handler
                0x08003a98       0x48 src\startup_stm32f4xx.o
                0x08003a98                Reset_Handler
 .text.Default_Handler
                0x08003ae0        0x2 src\startup_stm32f4xx.o
                0x08003ae0                RTC_Alarm_IRQHandler
                0x08003ae0                HASH_RNG_IRQHandler
                0x08003ae0                EXTI2_IRQHandler
                0x08003ae0                TIM8_CC_IRQHandler
                0x08003ae0                TIM1_CC_IRQHandler
                0x08003ae0                DMA2_Stream5_IRQHandler
                0x08003ae0                DMA1_Stream5_IRQHandler
                0x08003ae0                PVD_IRQHandler
                0x08003ae0                SDIO_IRQHandler
                0x08003ae0                TAMP_STAMP_IRQHandler
                0x08003ae0                CAN2_RX1_IRQHandler
                0x08003ae0                EXTI3_IRQHandler
                0x08003ae0                TIM8_TRG_COM_TIM14_IRQHandler
                0x08003ae0                TIM1_UP_TIM10_IRQHandler
                0x08003ae0                TIM8_UP_TIM13_IRQHandler
                0x08003ae0                I2C3_ER_IRQHandler
                0x08003ae0                EXTI0_IRQHandler
                0x08003ae0                I2C2_EV_IRQHandler
                0x08003ae0                DMA1_Stream2_IRQHandler
                0x08003ae0                CAN1_RX0_IRQHandler
                0x08003ae0                FPU_IRQHandler
                0x08003ae0                OTG_HS_WKUP_IRQHandler
                0x08003ae0                CAN2_SCE_IRQHandler
                0x08003ae0                DMA2_Stream2_IRQHandler
                0x08003ae0                SPI1_IRQHandler
                0x08003ae0                TIM6_DAC_IRQHandler
                0x08003ae0                TIM1_BRK_TIM9_IRQHandler
                0x08003ae0                DCMI_IRQHandler
                0x08003ae0                CAN2_RX0_IRQHandler
                0x08003ae0                DMA2_Stream3_IRQHandler
                0x08003ae0                USART6_IRQHandler
                0x08003ae0                USART3_IRQHandler
                0x08003ae0                CRYP_IRQHandler
                0x08003ae0                CAN1_RX1_IRQHandler
                0x08003ae0                UART5_IRQHandler
                0x08003ae0                DMA2_Stream0_IRQHandler
                0x08003ae0                TIM4_IRQHandler
                0x08003ae0                I2C1_EV_IRQHandler
                0x08003ae0                DMA1_Stream6_IRQHandler
                0x08003ae0                DMA1_Stream1_IRQHandler
                0x08003ae0                UART4_IRQHandler
                0x08003ae0                TIM3_IRQHandler
                0x08003ae0                RCC_IRQHandler
                0x08003ae0                TIM8_BRK_TIM12_IRQHandler
                0x08003ae0                Default_Handler
                0x08003ae0                EXTI15_10_IRQHandler
                0x08003ae0                ADC_IRQHandler
                0x08003ae0                TIM7_IRQHandler
                0x08003ae0                CAN2_TX_IRQHandler
                0x08003ae0                TIM5_IRQHandler
                0x08003ae0                DMA2_Stream7_IRQHandler
                0x08003ae0                I2C3_EV_IRQHandler
                0x08003ae0                EXTI9_5_IRQHandler
                0x08003ae0                RTC_WKUP_IRQHandler
                0x08003ae0                ETH_WKUP_IRQHandler
                0x08003ae0                SPI2_IRQHandler
                0x08003ae0                OTG_HS_EP1_IN_IRQHandler
                0x08003ae0                CAN1_TX_IRQHandler
                0x08003ae0                EXTI4_IRQHandler
                0x08003ae0                FSMC_IRQHandler
                0x08003ae0                ETH_IRQHandler
                0x08003ae0                OTG_HS_EP1_OUT_IRQHandler
                0x08003ae0                WWDG_IRQHandler
                0x08003ae0                TIM2_IRQHandler
                0x08003ae0                OTG_FS_WKUP_IRQHandler
                0x08003ae0                TIM1_TRG_COM_TIM11_IRQHandler
                0x08003ae0                OTG_HS_IRQHandler
                0x08003ae0                EXTI1_IRQHandler
                0x08003ae0                USART2_IRQHandler
                0x08003ae0                I2C2_ER_IRQHandler
                0x08003ae0                DMA2_Stream1_IRQHandler
                0x08003ae0                CAN1_SCE_IRQHandler
                0x08003ae0                FLASH_IRQHandler
                0x08003ae0                DMA2_Stream4_IRQHandler
                0x08003ae0                USART1_IRQHandler
                0x08003ae0                OTG_FS_IRQHandler
                0x08003ae0                DMA1_Stream4_IRQHandler
                0x08003ae0                I2C1_ER_IRQHandler
                0x08003ae0                DMA2_Stream6_IRQHandler
                0x08003ae0                DMA1_Stream3_IRQHandler
 .text.NMI_Handler
                0x08003ae2        0xe src\stm32f4xx_it.o
                0x08003ae2                NMI_Handler
 .text.HardFault_Handler
                0x08003af0        0x6 src\stm32f4xx_it.o
                0x08003af0                HardFault_Handler
 .text.MemManage_Handler
                0x08003af6        0x6 src\stm32f4xx_it.o
                0x08003af6                MemManage_Handler
 .text.BusFault_Handler
                0x08003afc        0x6 src\stm32f4xx_it.o
                0x08003afc                BusFault_Handler
 .text.UsageFault_Handler
                0x08003b02        0x6 src\stm32f4xx_it.o
                0x08003b02                UsageFault_Handler
 .text.DebugMon_Handler
                0x08003b08        0xe src\stm32f4xx_it.o
                0x08003b08                DebugMon_Handler
 *fill*         0x08003b16        0x2 
 .text.ITM_SendChar
                0x08003b18       0x5c src\syscalls.o
 .text._write   0x08003b74       0x3c src\syscalls.o
                0x08003b74                _write
 .text._sbrk    0x08003bb0       0x40 src\syscalls.o
                0x08003bb0                _sbrk
 .text._close   0x08003bf0       0x24 src\syscalls.o
                0x08003bf0                _close
 .text._fstat   0x08003c14       0x24 src\syscalls.o
                0x08003c14                _fstat
 .text._isatty  0x08003c38       0x20 src\syscalls.o
                0x08003c38                _isatty
 .text._lseek   0x08003c58       0x28 src\syscalls.o
                0x08003c58                _lseek
 .text._read    0x08003c80       0x28 src\syscalls.o
                0x08003c80                _read
 .text.SystemInit
                0x08003ca8       0x6c src\system_stm32f4xx.o
                0x08003ca8                SystemInit
 .text.SetSysClock
                0x08003d14       0xf8 src\system_stm32f4xx.o
 .text.ts_itoa  0x08003e0c       0x92 src\tiny_printf.o
                0x08003e0c                ts_itoa
 .text.ts_formatstring
                0x08003e9e      0x12e src\tiny_printf.o
                0x08003e9e                ts_formatstring
 .text.ts_formatlength
                0x08003fcc      0x12c src\tiny_printf.o
                0x08003fcc                ts_formatlength
 .text.printf   0x080040f8       0x92 src\tiny_printf.o
                0x080040f8                printf
 *fill*         0x0800418a        0x2 
 .text.__libc_init_array
                0x0800418c       0x48 c:/program files (x86)/atollic/truestudio for stm32 9.1.0/armtools/bin/../lib/gcc/arm-atollic-eabi/6.3.1/../../../../arm-atollic-eabi/lib/armv7e-m/softfp\libc_nano.a(lib_a-init.o)
                0x0800418c                __libc_init_array
 .text.malloc   0x080041d4       0x10 c:/program files (x86)/atollic/truestudio for stm32 9.1.0/armtools/bin/../lib/gcc/arm-atollic-eabi/6.3.1/../../../../arm-atollic-eabi/lib/armv7e-m/softfp\libc_nano.a(lib_a-malloc.o)
                0x080041d4                malloc
 .text.free     0x080041e4       0x10 c:/program files (x86)/atollic/truestudio for stm32 9.1.0/armtools/bin/../lib/gcc/arm-atollic-eabi/6.3.1/../../../../arm-atollic-eabi/lib/armv7e-m/softfp\libc_nano.a(lib_a-malloc.o)
                0x080041e4                free
 .text.memcpy   0x080041f4       0x16 c:/program files (x86)/atollic/truestudio for stm32 9.1.0/armtools/bin/../lib/gcc/arm-atollic-eabi/6.3.1/../../../../arm-atollic-eabi/lib/armv7e-m/softfp\libc_nano.a(lib_a-memcpy-stub.o)
                0x080041f4                memcpy
 .text.memset   0x0800420a       0x10 c:/program files (x86)/atollic/truestudio for stm32 9.1.0/armtools/bin/../lib/gcc/arm-atollic-eabi/6.3.1/../../../../arm-atollic-eabi/lib/armv7e-m/softfp\libc_nano.a(lib_a-memset.o)
                0x0800420a                memset
 *fill*         0x0800421a        0x2 
 .text._free_r  0x0800421c       0x9c c:/program files (x86)/atollic/truestudio for stm32 9.1.0/armtools/bin/../lib/gcc/arm-atollic-eabi/6.3.1/../../../../arm-atollic-eabi/lib/armv7e-m/softfp\libc_nano.a(lib_a-nano-freer.o)
                0x0800421c                _free_r
 .text._malloc_r
                0x080042b8       0xbc c:/program files (x86)/atollic/truestudio for stm32 9.1.0/armtools/bin/../lib/gcc/arm-atollic-eabi/6.3.1/../../../../arm-atollic-eabi/lib/armv7e-m/softfp\libc_nano.a(lib_a-nano-mallocr.o)
                0x080042b8                _malloc_r
 .text._puts_r  0x08004374       0xb8 c:/program files (x86)/atollic/truestudio for stm32 9.1.0/armtools/bin/../lib/gcc/arm-atollic-eabi/6.3.1/../../../../arm-atollic-eabi/lib/armv7e-m/softfp\libc_nano.a(lib_a-puts.o)
                0x08004374                _puts_r
 .text.puts     0x0800442c       0x10 c:/program files (x86)/atollic/truestudio for stm32 9.1.0/armtools/bin/../lib/gcc/arm-atollic-eabi/6.3.1/../../../../arm-atollic-eabi/lib/armv7e-m/softfp\libc_nano.a(lib_a-puts.o)
                0x0800442c                puts
 .text._sbrk_r  0x0800443c       0x20 c:/program files (x86)/atollic/truestudio for stm32 9.1.0/armtools/bin/../lib/gcc/arm-atollic-eabi/6.3.1/../../../../arm-atollic-eabi/lib/armv7e-m/softfp\libc_nano.a(lib_a-sbrkr.o)
                0x0800443c                _sbrk_r
 .text.__swbuf_r
                0x0800445c       0xa4 c:/program files (x86)/atollic/truestudio for stm32 9.1.0/armtools/bin/../lib/gcc/arm-atollic-eabi/6.3.1/../../../../arm-atollic-eabi/lib/armv7e-m/softfp\libc_nano.a(lib_a-wbuf.o)
                0x0800445c                __swbuf_r
 .text.__swsetup_r
                0x08004500       0xdc c:/program files (x86)/atollic/truestudio for stm32 9.1.0/armtools/bin/../lib/gcc/arm-atollic-eabi/6.3.1/../../../../arm-atollic-eabi/lib/armv7e-m/softfp\libc_nano.a(lib_a-wsetup.o)
                0x08004500                __swsetup_r
 .text.__sflush_r
                0x080045dc      0x110 c:/program files (x86)/atollic/truestudio for stm32 9.1.0/armtools/bin/../lib/gcc/arm-atollic-eabi/6.3.1/../../../../arm-atollic-eabi/lib/armv7e-m/softfp\libc_nano.a(lib_a-fflush.o)
                0x080045dc                __sflush_r
 .text._fflush_r
                0x080046ec       0x54 c:/program files (x86)/atollic/truestudio for stm32 9.1.0/armtools/bin/../lib/gcc/arm-atollic-eabi/6.3.1/../../../../arm-atollic-eabi/lib/armv7e-m/softfp\libc_nano.a(lib_a-fflush.o)
                0x080046ec                _fflush_r
 .text._cleanup_r
                0x08004740        0xc c:/program files (x86)/atollic/truestudio for stm32 9.1.0/armtools/bin/../lib/gcc/arm-atollic-eabi/6.3.1/../../../../arm-atollic-eabi/lib/armv7e-m/softfp\libc_nano.a(lib_a-findfp.o)
                0x08004740                _cleanup_r
 .text.std.isra.0
                0x0800474c       0x48 c:/program files (x86)/atollic/truestudio for stm32 9.1.0/armtools/bin/../lib/gcc/arm-atollic-eabi/6.3.1/../../../../arm-atollic-eabi/lib/armv7e-m/softfp\libc_nano.a(lib_a-findfp.o)
 .text.__sfmoreglue
                0x08004794       0x2c c:/program files (x86)/atollic/truestudio for stm32 9.1.0/armtools/bin/../lib/gcc/arm-atollic-eabi/6.3.1/../../../../arm-atollic-eabi/lib/armv7e-m/softfp\libc_nano.a(lib_a-findfp.o)
                0x08004794                __sfmoreglue
 .text.__sinit  0x080047c0       0x60 c:/program files (x86)/atollic/truestudio for stm32 9.1.0/armtools/bin/../lib/gcc/arm-atollic-eabi/6.3.1/../../../../arm-atollic-eabi/lib/armv7e-m/softfp\libc_nano.a(lib_a-findfp.o)
                0x080047c0                __sinit
 .text.__sfp    0x08004820       0x78 c:/program files (x86)/atollic/truestudio for stm32 9.1.0/armtools/bin/../lib/gcc/arm-atollic-eabi/6.3.1/../../../../arm-atollic-eabi/lib/armv7e-m/softfp\libc_nano.a(lib_a-findfp.o)
                0x08004820                __sfp
 .text._fwalk_reent
                0x08004898       0x3c c:/program files (x86)/atollic/truestudio for stm32 9.1.0/armtools/bin/../lib/gcc/arm-atollic-eabi/6.3.1/../../../../arm-atollic-eabi/lib/armv7e-m/softfp\libc_nano.a(lib_a-fwalk.o)
                0x08004898                _fwalk_reent
 .text.__swhatbuf_r
                0x080048d4       0x48 c:/program files (x86)/atollic/truestudio for stm32 9.1.0/armtools/bin/../lib/gcc/arm-atollic-eabi/6.3.1/../../../../arm-atollic-eabi/lib/armv7e-m/softfp\libc_nano.a(lib_a-makebuf.o)
                0x080048d4                __swhatbuf_r
 .text.__smakebuf_r
                0x0800491c       0x80 c:/program files (x86)/atollic/truestudio for stm32 9.1.0/armtools/bin/../lib/gcc/arm-atollic-eabi/6.3.1/../../../../arm-atollic-eabi/lib/armv7e-m/softfp\libc_nano.a(lib_a-makebuf.o)
                0x0800491c                __smakebuf_r
 .text.__malloc_lock
                0x0800499c        0x2 c:/program files (x86)/atollic/truestudio for stm32 9.1.0/armtools/bin/../lib/gcc/arm-atollic-eabi/6.3.1/../../../../arm-atollic-eabi/lib/armv7e-m/softfp\libc_nano.a(lib_a-mlock.o)
                0x0800499c                __malloc_lock
 .text.__malloc_unlock
                0x0800499e        0x2 c:/program files (x86)/atollic/truestudio for stm32 9.1.0/armtools/bin/../lib/gcc/arm-atollic-eabi/6.3.1/../../../../arm-atollic-eabi/lib/armv7e-m/softfp\libc_nano.a(lib_a-mlock.o)
                0x0800499e                __malloc_unlock
 .text.__sread  0x080049a0       0x22 c:/program files (x86)/atollic/truestudio for stm32 9.1.0/armtools/bin/../lib/gcc/arm-atollic-eabi/6.3.1/../../../../arm-atollic-eabi/lib/armv7e-m/softfp\libc_nano.a(lib_a-stdio.o)
                0x080049a0                __sread
 .text.__swrite
                0x080049c2       0x38 c:/program files (x86)/atollic/truestudio for stm32 9.1.0/armtools/bin/../lib/gcc/arm-atollic-eabi/6.3.1/../../../../arm-atollic-eabi/lib/armv7e-m/softfp\libc_nano.a(lib_a-stdio.o)
                0x080049c2                __swrite
 .text.__sseek  0x080049fa       0x24 c:/program files (x86)/atollic/truestudio for stm32 9.1.0/armtools/bin/../lib/gcc/arm-atollic-eabi/6.3.1/../../../../arm-atollic-eabi/lib/armv7e-m/softfp\libc_nano.a(lib_a-stdio.o)
                0x080049fa                __sseek
 .text.__sclose
                0x08004a1e        0x8 c:/program files (x86)/atollic/truestudio for stm32 9.1.0/armtools/bin/../lib/gcc/arm-atollic-eabi/6.3.1/../../../../arm-atollic-eabi/lib/armv7e-m/softfp\libc_nano.a(lib_a-stdio.o)
                0x08004a1e                __sclose
 *fill*         0x08004a26        0x2 
 .text._write_r
                0x08004a28       0x24 c:/program files (x86)/atollic/truestudio for stm32 9.1.0/armtools/bin/../lib/gcc/arm-atollic-eabi/6.3.1/../../../../arm-atollic-eabi/lib/armv7e-m/softfp\libc_nano.a(lib_a-writer.o)
                0x08004a28                _write_r
 .text._close_r
                0x08004a4c       0x20 c:/program files (x86)/atollic/truestudio for stm32 9.1.0/armtools/bin/../lib/gcc/arm-atollic-eabi/6.3.1/../../../../arm-atollic-eabi/lib/armv7e-m/softfp\libc_nano.a(lib_a-closer.o)
                0x08004a4c                _close_r
 .text._fstat_r
                0x08004a6c       0x24 c:/program files (x86)/atollic/truestudio for stm32 9.1.0/armtools/bin/../lib/gcc/arm-atollic-eabi/6.3.1/../../../../arm-atollic-eabi/lib/armv7e-m/softfp\libc_nano.a(lib_a-fstatr.o)
                0x08004a6c                _fstat_r
 .text._isatty_r
                0x08004a90       0x20 c:/program files (x86)/atollic/truestudio for stm32 9.1.0/armtools/bin/../lib/gcc/arm-atollic-eabi/6.3.1/../../../../arm-atollic-eabi/lib/armv7e-m/softfp\libc_nano.a(lib_a-isattyr.o)
                0x08004a90                _isatty_r
 .text._lseek_r
                0x08004ab0       0x24 c:/program files (x86)/atollic/truestudio for stm32 9.1.0/armtools/bin/../lib/gcc/arm-atollic-eabi/6.3.1/../../../../arm-atollic-eabi/lib/armv7e-m/softfp\libc_nano.a(lib_a-lseekr.o)
                0x08004ab0                _lseek_r
 .text._read_r  0x08004ad4       0x24 c:/program files (x86)/atollic/truestudio for stm32 9.1.0/armtools/bin/../lib/gcc/arm-atollic-eabi/6.3.1/../../../../arm-atollic-eabi/lib/armv7e-m/softfp\libc_nano.a(lib_a-readr.o)
                0x08004ad4                _read_r
 *(.rodata)
 .rodata        0x08004af8        0x5 FreeRTOS_Source\tasks.o
 *fill*         0x08004afd        0x3 
 .rodata        0x08004b00        0xd FreeRTOS_Source\timers.o
 *fill*         0x08004b0d        0x3 
 .rodata        0x08004b10       0x16 src\TaskGenerator.o
 *fill*         0x08004b26        0x2 
 .rodata        0x08004b28       0xb4 src\TaskMonitor.o
 .rodata        0x08004bdc       0x6c src\TaskScheduler.o
 .rodata        0x08004c48       0x47 src\main.o
 *(.rodata*)
 *fill*         0x08004c8f        0x1 
 .rodata.__sf_fake_stderr
                0x08004c90       0x20 c:/program files (x86)/atollic/truestudio for stm32 9.1.0/armtools/bin/../lib/gcc/arm-atollic-eabi/6.3.1/../../../../arm-atollic-eabi/lib/armv7e-m/softfp\libc_nano.a(lib_a-findfp.o)
                0x08004c90                __sf_fake_stderr
 .rodata.__sf_fake_stdin
                0x08004cb0       0x20 c:/program files (x86)/atollic/truestudio for stm32 9.1.0/armtools/bin/../lib/gcc/arm-atollic-eabi/6.3.1/../../../../arm-atollic-eabi/lib/armv7e-m/softfp\libc_nano.a(lib_a-findfp.o)
                0x08004cb0                __sf_fake_stdin
 .rodata.__sf_fake_stdout
                0x08004cd0       0x20 c:/program files (x86)/atollic/truestudio for stm32 9.1.0/armtools/bin/../lib/gcc/arm-atollic-eabi/6.3.1/../../../../arm-atollic-eabi/lib/armv7e-m/softfp\libc_nano.a(lib_a-findfp.o)
                0x08004cd0                __sf_fake_stdout
 .rodata._global_impure_ptr
                0x08004cf0        0x4 c:/program files (x86)/atollic/truestudio for stm32 9.1.0/armtools/bin/../lib/gcc/arm-atollic-eabi/6.3.1/../../../../arm-atollic-eabi/lib/armv7e-m/softfp\libc_nano.a(lib_a-impure.o)
                0x08004cf0                _global_impure_ptr
 *(.glue_7)
 .glue_7        0x08004cf4        0x0 linker stubs
 *(.glue_7t)
 .glue_7t       0x08004cf4        0x0 linker stubs
 *(.eh_frame)
 .eh_frame      0x08004cf4        0x0 c:/program files (x86)/atollic/truestudio for stm32 9.1.0/armtools/bin/../lib/gcc/arm-atollic-eabi/6.3.1/armv7e-m/softfp/crtbegin.o
 *(.init)
 .init          0x08004cf4        0x4 c:/program files (x86)/atollic/truestudio for stm32 9.1.0/armtools/bin/../lib/gcc/arm-atollic-eabi/6.3.1/armv7e-m/softfp/crti.o
                0x08004cf4                _init
 .init          0x08004cf8        0x8 c:/program files (x86)/atollic/truestudio for stm32 9.1.0/armtools/bin/../lib/gcc/arm-atollic-eabi/6.3.1/armv7e-m/softfp/crtn.o
 *(.fini)
 .fini          0x08004d00        0x4 c:/program files (x86)/atollic/truestudio for stm32 9.1.0/armtools/bin/../lib/gcc/arm-atollic-eabi/6.3.1/armv7e-m/softfp/crti.o
                0x08004d00                _fini
 .fini          0x08004d04        0x8 c:/program files (x86)/atollic/truestudio for stm32 9.1.0/armtools/bin/../lib/gcc/arm-atollic-eabi/6.3.1/armv7e-m/softfp/crtn.o
                0x08004d0c                . = ALIGN (0x4)
                0x08004d0c                _etext = .

.vfp11_veneer   0x08004d0c        0x0
 .vfp11_veneer  0x08004d0c        0x0 linker stubs

.v4_bx          0x08004d0c        0x0
 .v4_bx         0x08004d0c        0x0 linker stubs

.iplt           0x08004d0c        0x0
 .iplt          0x08004d0c        0x0 c:/program files (x86)/atollic/truestudio for stm32 9.1.0/armtools/bin/../lib/gcc/arm-atollic-eabi/6.3.1/armv7e-m/softfp/crtbegin.o

.rel.dyn        0x08004d0c        0x0
 .rel.iplt      0x08004d0c        0x0 c:/program files (x86)/atollic/truestudio for stm32 9.1.0/armtools/bin/../lib/gcc/arm-atollic-eabi/6.3.1/armv7e-m/softfp/crtbegin.o

.ARM.extab
 *(.ARM.extab* .gnu.linkonce.armextab.*)

.ARM            0x08004d0c        0x0
                0x08004d0c                __exidx_start = .
 *(.ARM.exidx*)
                0x08004d0c                __exidx_end = .

.preinit_array  0x08004d0c        0x0
                0x08004d0c                PROVIDE (__preinit_array_start, .)
 *(.preinit_array*)
                0x08004d0c                PROVIDE (__preinit_array_end, .)

.init_array     0x08004d0c        0x4
                0x08004d0c                PROVIDE (__init_array_start, .)
 *(SORT(.init_array.*))
 *(.init_array*)
 .init_array    0x08004d0c        0x4 c:/program files (x86)/atollic/truestudio for stm32 9.1.0/armtools/bin/../lib/gcc/arm-atollic-eabi/6.3.1/armv7e-m/softfp/crtbegin.o
                0x08004d10                PROVIDE (__init_array_end, .)

.fini_array     0x08004d10        0x4
                [!provide]                PROVIDE (__fini_array_start, .)
 *(SORT(.fini_array.*))
 *(.fini_array*)
 .fini_array    0x08004d10        0x4 c:/program files (x86)/atollic/truestudio for stm32 9.1.0/armtools/bin/../lib/gcc/arm-atollic-eabi/6.3.1/armv7e-m/softfp/crtbegin.o
                [!provide]                PROVIDE (__fini_array_end, .)
                0x08004d14                _sidata = LOADADDR (.data)

.data           0x20000000       0x80 load address 0x08004d14
                0x20000000                . = ALIGN (0x4)
                0x20000000                _sdata = .
 *(.data)
 *(.data*)
 .data.uxCriticalNesting
                0x20000000        0x4 FreeRTOS_Source\portable\GCC\ARM_CM4F\port.o
 .data.AudioRemSize
                0x20000004        0x4 Utilities\STM32F4-Discovery\stm32f4_discovery_audio_codec.o
                0x20000004                AudioRemSize
 .data.CurrAudioInterface
                0x20000008        0x4 Utilities\STM32F4-Discovery\stm32f4_discovery_audio_codec.o
                0x20000008                CurrAudioInterface
 .data.AUDIO_MAL_DMA_STREAM
                0x2000000c        0x4 Utilities\STM32F4-Discovery\stm32f4_discovery_audio_codec.o
                0x2000000c                AUDIO_MAL_DMA_STREAM
 .data.AUDIO_MAL_DMA_FLAG_TC
                0x20000010        0x4 Utilities\STM32F4-Discovery\stm32f4_discovery_audio_codec.o
                0x20000010                AUDIO_MAL_DMA_FLAG_TC
 .data.EVENT_NUMBER
                0x20000014        0x4 src\TaskScheduler.o
                0x20000014                EVENT_NUMBER
 .data.SystemCoreClock
                0x20000018        0x4 src\system_stm32f4xx.o
                0x20000018                SystemCoreClock
 .data._impure_ptr
                0x2000001c        0x4 c:/program files (x86)/atollic/truestudio for stm32 9.1.0/armtools/bin/../lib/gcc/arm-atollic-eabi/6.3.1/../../../../arm-atollic-eabi/lib/armv7e-m/softfp\libc_nano.a(lib_a-impure.o)
                0x2000001c                _impure_ptr
 .data.impure_data
                0x20000020       0x60 c:/program files (x86)/atollic/truestudio for stm32 9.1.0/armtools/bin/../lib/gcc/arm-atollic-eabi/6.3.1/../../../../arm-atollic-eabi/lib/armv7e-m/softfp\libc_nano.a(lib_a-impure.o)
                0x20000080                . = ALIGN (0x4)
                0x20000080                _edata = .
                0x08004d94                _siccmram = LOADADDR (.ccmram)

.igot.plt       0x20000080        0x0 load address 0x08004d94
 .igot.plt      0x20000080        0x0 c:/program files (x86)/atollic/truestudio for stm32 9.1.0/armtools/bin/../lib/gcc/arm-atollic-eabi/6.3.1/armv7e-m/softfp/crtbegin.o

.ccmram         0x10000000        0x0 load address 0x08004d94
                0x10000000                . = ALIGN (0x4)
                0x10000000                _sccmram = .
 *(.ccmram)
 *(.ccmram*)
                0x10000000                . = ALIGN (0x4)
                0x10000000                _eccmram = .
                0x10000000                . = ALIGN (0x4)

.bss            0x20000080     0x2aac
                0x20000080                _sbss = .
                0x20000080                __bss_start__ = _sbss
 *(.bss)
 .bss           0x20000080       0x1c c:/program files (x86)/atollic/truestudio for stm32 9.1.0/armtools/bin/../lib/gcc/arm-atollic-eabi/6.3.1/armv7e-m/softfp/crtbegin.o
 *(.bss*)
 .bss.ucMaxSysCallPriority
                0x2000009c        0x1 FreeRTOS_Source\portable\GCC\ARM_CM4F\port.o
 *fill*         0x2000009d        0x3 
 .bss.ulMaxPRIGROUPValue
                0x200000a0        0x4 FreeRTOS_Source\portable\GCC\ARM_CM4F\port.o
 .bss.ucHeap    0x200000a4     0x2800 FreeRTOS_Source\portable\MemMang\heap_4.o
 .bss.xStart    0x200028a4        0x8 FreeRTOS_Source\portable\MemMang\heap_4.o
 .bss.pxEnd     0x200028ac        0x4 FreeRTOS_Source\portable\MemMang\heap_4.o
 .bss.xFreeBytesRemaining
                0x200028b0        0x4 FreeRTOS_Source\portable\MemMang\heap_4.o
 .bss.xMinimumEverFreeBytesRemaining
                0x200028b4        0x4 FreeRTOS_Source\portable\MemMang\heap_4.o
 .bss.xBlockAllocatedBit
                0x200028b8        0x4 FreeRTOS_Source\portable\MemMang\heap_4.o
 .bss.pxCurrentTCB
                0x200028bc        0x4 FreeRTOS_Source\tasks.o
                0x200028bc                pxCurrentTCB
 .bss.pxReadyTasksLists
                0x200028c0       0x64 FreeRTOS_Source\tasks.o
 .bss.xDelayedTaskList1
                0x20002924       0x14 FreeRTOS_Source\tasks.o
 .bss.xDelayedTaskList2
                0x20002938       0x14 FreeRTOS_Source\tasks.o
 .bss.pxDelayedTaskList
                0x2000294c        0x4 FreeRTOS_Source\tasks.o
 .bss.pxOverflowDelayedTaskList
                0x20002950        0x4 FreeRTOS_Source\tasks.o
 .bss.xPendingReadyList
                0x20002954       0x14 FreeRTOS_Source\tasks.o
 .bss.xTasksWaitingTermination
                0x20002968       0x14 FreeRTOS_Source\tasks.o
 .bss.uxDeletedTasksWaitingCleanUp
                0x2000297c        0x4 FreeRTOS_Source\tasks.o
 .bss.xSuspendedTaskList
                0x20002980       0x14 FreeRTOS_Source\tasks.o
 .bss.uxCurrentNumberOfTasks
                0x20002994        0x4 FreeRTOS_Source\tasks.o
 .bss.xTickCount
                0x20002998        0x4 FreeRTOS_Source\tasks.o
 .bss.uxTopReadyPriority
                0x2000299c        0x4 FreeRTOS_Source\tasks.o
 .bss.xSchedulerRunning
                0x200029a0        0x4 FreeRTOS_Source\tasks.o
 .bss.uxPendedTicks
                0x200029a4        0x4 FreeRTOS_Source\tasks.o
 .bss.xYieldPending
                0x200029a8        0x4 FreeRTOS_Source\tasks.o
 .bss.xNumOfOverflows
                0x200029ac        0x4 FreeRTOS_Source\tasks.o
 .bss.uxTaskNumber
                0x200029b0        0x4 FreeRTOS_Source\tasks.o
 .bss.xNextTaskUnblockTime
                0x200029b4        0x4 FreeRTOS_Source\tasks.o
 .bss.xIdleTaskHandle
                0x200029b8        0x4 FreeRTOS_Source\tasks.o
 .bss.uxSchedulerSuspended
                0x200029bc        0x4 FreeRTOS_Source\tasks.o
 .bss.xActiveTimerList1
                0x200029c0       0x14 FreeRTOS_Source\timers.o
 .bss.xActiveTimerList2
                0x200029d4       0x14 FreeRTOS_Source\timers.o
 .bss.pxCurrentTimerList
                0x200029e8        0x4 FreeRTOS_Source\timers.o
 .bss.pxOverflowTimerList
                0x200029ec        0x4 FreeRTOS_Source\timers.o
 .bss.xTimerQueue
                0x200029f0        0x4 FreeRTOS_Source\timers.o
 .bss.xTimerTaskHandle
                0x200029f4        0x4 FreeRTOS_Source\timers.o
 .bss.xLastTime.10564
                0x200029f8        0x4 FreeRTOS_Source\timers.o
 .bss.HYPER_PERIOD
                0x200029fc        0x4 src\TaskMonitor.o
                0x200029fc                HYPER_PERIOD
 .bss.TB_2_EXPECTED_COMPLETED
                0x20002a00        0x4 src\TaskMonitor.o
                0x20002a00                TB_2_EXPECTED_COMPLETED
 .bss.TB_2_EXPECTED_OVERDUE
                0x20002a04        0x4 src\TaskMonitor.o
                0x20002a04                TB_2_EXPECTED_OVERDUE
 .bss.current_task
                0x20002a08        0x4 src\TaskScheduler.o
                0x20002a08                current_task
 .bss.heap_end.10227
                0x20002a0c        0x4 src\syscalls.o
 .bss.__malloc_free_list
                0x20002a10        0x4 c:/program files (x86)/atollic/truestudio for stm32 9.1.0/armtools/bin/../lib/gcc/arm-atollic-eabi/6.3.1/../../../../arm-atollic-eabi/lib/armv7e-m/softfp\libc_nano.a(lib_a-nano-mallocr.o)
                0x20002a10                __malloc_free_list
 .bss.__malloc_sbrk_start
                0x20002a14        0x4 c:/program files (x86)/atollic/truestudio for stm32 9.1.0/armtools/bin/../lib/gcc/arm-atollic-eabi/6.3.1/../../../../arm-atollic-eabi/lib/armv7e-m/softfp\libc_nano.a(lib_a-nano-mallocr.o)
                0x20002a14                __malloc_sbrk_start
 *(COMMON)
 COMMON         0x20002a18       0x38 FreeRTOS_Source\croutine.o
                0x20002a18                TASK1_EXEC_TIME
                0x20002a1c                taskQueue
                0x20002a20                TASK3_EXEC_TIME
                0x20002a24                completedQueue
                0x20002a28                TASK3_PERIOD
                0x20002a2c                task1Timer
                0x20002a30                TASK2_PERIOD
                0x20002a34                TASK_PREEMPTED
                0x20002a40                task3Timer
                0x20002a44                TASK2_EXEC_TIME
                0x20002a48                TASK1_PERIOD
                0x20002a4c                task2Timer
 COMMON         0x20002a50       0x40 FreeRTOS_Source\queue.o
                0x20002a50                xQueueRegistry
 COMMON         0x20002a90       0x7c Utilities\STM32F4-Discovery\stm32f4_discovery_audio_codec.o
                0x20002a90                CurrentPos
                0x20002a94                AUDIO_MAL_DMA_InitStructure
                0x20002ad0                DMA_InitStructure
 COMMON         0x20002b0c        0xc src\TaskMonitor.o
                0x20002b0c                overdue_task_list_received
                0x20002b10                completed_task_list_received
                0x20002b14                active_task_list_received
 COMMON         0x20002b18       0x10 src\TaskScheduler.o
                0x20002b18                current_tick
                0x20002b1c                overdue_task_list
                0x20002b20                active_task_list
                0x20002b24                completed_task_list
 COMMON         0x20002b28        0x4 c:/program files (x86)/atollic/truestudio for stm32 9.1.0/armtools/bin/../lib/gcc/arm-atollic-eabi/6.3.1/../../../../arm-atollic-eabi/lib/armv7e-m/softfp\libc_nano.a(lib_a-reent.o)
                0x20002b28                errno
                0x20002b2c                . = ALIGN (0x4)
                0x20002b2c                _ebss = .
                0x20002b2c                __bss_end__ = _ebss

._user_heap_stack
                0x20002b2c      0x400
                0x20002b2c                . = ALIGN (0x4)
                0x20002b2c                PROVIDE (end, .)
                [!provide]                PROVIDE (_end, .)
                0x20002b2c                . = (. + _Min_Heap_Size)
                0x20002f2c                . = (. + _Min_Stack_Size)
 *fill*         0x20002b2c      0x400 
                0x20002f2c                . = ALIGN (0x4)

.memory_b1_text
 *(.mb1text)
 *(.mb1text*)
 *(.mb1rodata)
 *(.mb1rodata*)

/DISCARD/
 libc.a(*)
 libm.a(*)
 libgcc.a(*)

.ARM.attributes
                0x00000000       0x2e
 *(.ARM.attributes)
 .ARM.attributes
                0x00000000       0x22 c:/program files (x86)/atollic/truestudio for stm32 9.1.0/armtools/bin/../lib/gcc/arm-atollic-eabi/6.3.1/armv7e-m/softfp/crti.o
 .ARM.attributes
                0x00000022       0x32 c:/program files (x86)/atollic/truestudio for stm32 9.1.0/armtools/bin/../lib/gcc/arm-atollic-eabi/6.3.1/armv7e-m/softfp/crtbegin.o
 .ARM.attributes
                0x00000054       0x37 FreeRTOS_Source\croutine.o
 .ARM.attributes
                0x0000008b       0x37 FreeRTOS_Source\list.o
 .ARM.attributes
                0x000000c2       0x37 FreeRTOS_Source\portable\GCC\ARM_CM4F\port.o
 .ARM.attributes
                0x000000f9       0x37 FreeRTOS_Source\portable\MemMang\heap_4.o
 .ARM.attributes
                0x00000130       0x37 FreeRTOS_Source\queue.o
 .ARM.attributes
                0x00000167       0x37 FreeRTOS_Source\tasks.o
 .ARM.attributes
                0x0000019e       0x37 FreeRTOS_Source\timers.o
 .ARM.attributes
                0x000001d5       0x37 Libraries\STM32F4xx_StdPeriph_Driver\src\stm32f4xx_dac.o
 .ARM.attributes
                0x0000020c       0x37 Libraries\STM32F4xx_StdPeriph_Driver\src\stm32f4xx_dma.o
 .ARM.attributes
                0x00000243       0x37 Libraries\STM32F4xx_StdPeriph_Driver\src\stm32f4xx_spi.o
 .ARM.attributes
                0x0000027a       0x37 Utilities\STM32F4-Discovery\stm32f4_discovery_audio_codec.o
 .ARM.attributes
                0x000002b1       0x37 src\STM32F4-Discovery_callback.o
 .ARM.attributes
                0x000002e8       0x37 src\TaskGenerator.o
 .ARM.attributes
                0x0000031f       0x37 src\TaskMonitor.o
 .ARM.attributes
                0x00000356       0x37 src\TaskScheduler.o
 .ARM.attributes
                0x0000038d       0x37 src\main.o
 .ARM.attributes
                0x000003c4       0x21 src\startup_stm32f4xx.o
 .ARM.attributes
                0x000003e5       0x37 src\stm32f4xx_it.o
 .ARM.attributes
                0x0000041c       0x37 src\syscalls.o
 .ARM.attributes
                0x00000453       0x37 src\system_stm32f4xx.o
 .ARM.attributes
                0x0000048a       0x37 src\tiny_printf.o
 .ARM.attributes
                0x000004c1       0x32 c:/program files (x86)/atollic/truestudio for stm32 9.1.0/armtools/bin/../lib/gcc/arm-atollic-eabi/6.3.1/../../../../arm-atollic-eabi/lib/armv7e-m/softfp\libc_nano.a(lib_a-init.o)
 .ARM.attributes
                0x000004f3       0x32 c:/program files (x86)/atollic/truestudio for stm32 9.1.0/armtools/bin/../lib/gcc/arm-atollic-eabi/6.3.1/../../../../arm-atollic-eabi/lib/armv7e-m/softfp\libc_nano.a(lib_a-malloc.o)
 .ARM.attributes
                0x00000525       0x32 c:/program files (x86)/atollic/truestudio for stm32 9.1.0/armtools/bin/../lib/gcc/arm-atollic-eabi/6.3.1/../../../../arm-atollic-eabi/lib/armv7e-m/softfp\libc_nano.a(lib_a-memcpy-stub.o)
 .ARM.attributes
                0x00000557       0x32 c:/program files (x86)/atollic/truestudio for stm32 9.1.0/armtools/bin/../lib/gcc/arm-atollic-eabi/6.3.1/../../../../arm-atollic-eabi/lib/armv7e-m/softfp\libc_nano.a(lib_a-memset.o)
 .ARM.attributes
                0x00000589       0x32 c:/program files (x86)/atollic/truestudio for stm32 9.1.0/armtools/bin/../lib/gcc/arm-atollic-eabi/6.3.1/../../../../arm-atollic-eabi/lib/armv7e-m/softfp\libc_nano.a(lib_a-nano-freer.o)
 .ARM.attributes
                0x000005bb       0x32 c:/program files (x86)/atollic/truestudio for stm32 9.1.0/armtools/bin/../lib/gcc/arm-atollic-eabi/6.3.1/../../../../arm-atollic-eabi/lib/armv7e-m/softfp\libc_nano.a(lib_a-nano-mallocr.o)
 .ARM.attributes
                0x000005ed       0x32 c:/program files (x86)/atollic/truestudio for stm32 9.1.0/armtools/bin/../lib/gcc/arm-atollic-eabi/6.3.1/../../../../arm-atollic-eabi/lib/armv7e-m/softfp\libc_nano.a(lib_a-puts.o)
 .ARM.attributes
                0x0000061f       0x32 c:/program files (x86)/atollic/truestudio for stm32 9.1.0/armtools/bin/../lib/gcc/arm-atollic-eabi/6.3.1/../../../../arm-atollic-eabi/lib/armv7e-m/softfp\libc_nano.a(lib_a-reent.o)
 .ARM.attributes
                0x00000651       0x32 c:/program files (x86)/atollic/truestudio for stm32 9.1.0/armtools/bin/../lib/gcc/arm-atollic-eabi/6.3.1/../../../../arm-atollic-eabi/lib/armv7e-m/softfp\libc_nano.a(lib_a-sbrkr.o)
 .ARM.attributes
                0x00000683       0x32 c:/program files (x86)/atollic/truestudio for stm32 9.1.0/armtools/bin/../lib/gcc/arm-atollic-eabi/6.3.1/../../../../arm-atollic-eabi/lib/armv7e-m/softfp\libc_nano.a(lib_a-wbuf.o)
 .ARM.attributes
                0x000006b5       0x32 c:/program files (x86)/atollic/truestudio for stm32 9.1.0/armtools/bin/../lib/gcc/arm-atollic-eabi/6.3.1/../../../../arm-atollic-eabi/lib/armv7e-m/softfp\libc_nano.a(lib_a-wsetup.o)
 .ARM.attributes
                0x000006e7       0x32 c:/program files (x86)/atollic/truestudio for stm32 9.1.0/armtools/bin/../lib/gcc/arm-atollic-eabi/6.3.1/../../../../arm-atollic-eabi/lib/armv7e-m/softfp\libc_nano.a(lib_a-fflush.o)
 .ARM.attributes
                0x00000719       0x32 c:/program files (x86)/atollic/truestudio for stm32 9.1.0/armtools/bin/../lib/gcc/arm-atollic-eabi/6.3.1/../../../../arm-atollic-eabi/lib/armv7e-m/softfp\libc_nano.a(lib_a-findfp.o)
 .ARM.attributes
                0x0000074b       0x32 c:/program files (x86)/atollic/truestudio for stm32 9.1.0/armtools/bin/../lib/gcc/arm-atollic-eabi/6.3.1/../../../../arm-atollic-eabi/lib/armv7e-m/softfp\libc_nano.a(lib_a-fwalk.o)
 .ARM.attributes
                0x0000077d       0x32 c:/program files (x86)/atollic/truestudio for stm32 9.1.0/armtools/bin/../lib/gcc/arm-atollic-eabi/6.3.1/../../../../arm-atollic-eabi/lib/armv7e-m/softfp\libc_nano.a(lib_a-impure.o)
 .ARM.attributes
                0x000007af       0x32 c:/program files (x86)/atollic/truestudio for stm32 9.1.0/armtools/bin/../lib/gcc/arm-atollic-eabi/6.3.1/../../../../arm-atollic-eabi/lib/armv7e-m/softfp\libc_nano.a(lib_a-makebuf.o)
 .ARM.attributes
                0x000007e1       0x32 c:/program files (x86)/atollic/truestudio for stm32 9.1.0/armtools/bin/../lib/gcc/arm-atollic-eabi/6.3.1/../../../../arm-atollic-eabi/lib/armv7e-m/softfp\libc_nano.a(lib_a-mlock.o)
 .ARM.attributes
                0x00000813       0x32 c:/program files (x86)/atollic/truestudio for stm32 9.1.0/armtools/bin/../lib/gcc/arm-atollic-eabi/6.3.1/../../../../arm-atollic-eabi/lib/armv7e-m/softfp\libc_nano.a(lib_a-stdio.o)
 .ARM.attributes
                0x00000845       0x32 c:/program files (x86)/atollic/truestudio for stm32 9.1.0/armtools/bin/../lib/gcc/arm-atollic-eabi/6.3.1/../../../../arm-atollic-eabi/lib/armv7e-m/softfp\libc_nano.a(lib_a-writer.o)
 .ARM.attributes
                0x00000877       0x32 c:/program files (x86)/atollic/truestudio for stm32 9.1.0/armtools/bin/../lib/gcc/arm-atollic-eabi/6.3.1/../../../../arm-atollic-eabi/lib/armv7e-m/softfp\libc_nano.a(lib_a-closer.o)
 .ARM.attributes
                0x000008a9       0x32 c:/program files (x86)/atollic/truestudio for stm32 9.1.0/armtools/bin/../lib/gcc/arm-atollic-eabi/6.3.1/../../../../arm-atollic-eabi/lib/armv7e-m/softfp\libc_nano.a(lib_a-fstatr.o)
 .ARM.attributes
                0x000008db       0x32 c:/program files (x86)/atollic/truestudio for stm32 9.1.0/armtools/bin/../lib/gcc/arm-atollic-eabi/6.3.1/../../../../arm-atollic-eabi/lib/armv7e-m/softfp\libc_nano.a(lib_a-isattyr.o)
 .ARM.attributes
                0x0000090d       0x32 c:/program files (x86)/atollic/truestudio for stm32 9.1.0/armtools/bin/../lib/gcc/arm-atollic-eabi/6.3.1/../../../../arm-atollic-eabi/lib/armv7e-m/softfp\libc_nano.a(lib_a-lseekr.o)
 .ARM.attributes
                0x0000093f       0x32 c:/program files (x86)/atollic/truestudio for stm32 9.1.0/armtools/bin/../lib/gcc/arm-atollic-eabi/6.3.1/../../../../arm-atollic-eabi/lib/armv7e-m/softfp\libc_nano.a(lib_a-readr.o)
 .ARM.attributes
                0x00000971       0x22 c:/program files (x86)/atollic/truestudio for stm32 9.1.0/armtools/bin/../lib/gcc/arm-atollic-eabi/6.3.1/armv7e-m/softfp/crtn.o
OUTPUT(STM32F4_Discovery_FreeRTOS_Simple_Demo.elf elf32-littlearm)

.debug_info     0x00000000    0x10632
 .debug_info    0x00000000      0x9d8 FreeRTOS_Source\croutine.o
 .debug_info    0x000009d8      0xac3 FreeRTOS_Source\list.o
 .debug_info    0x0000149b      0xe42 FreeRTOS_Source\portable\GCC\ARM_CM4F\port.o
 .debug_info    0x000022dd      0xd2b FreeRTOS_Source\portable\MemMang\heap_4.o
 .debug_info    0x00003008     0x1c92 FreeRTOS_Source\queue.o
 .debug_info    0x00004c9a     0x2378 FreeRTOS_Source\tasks.o
 .debug_info    0x00007012     0x147c FreeRTOS_Source\timers.o
 .debug_info    0x0000848e      0x654 Libraries\STM32F4xx_StdPeriph_Driver\src\stm32f4xx_dac.o
 .debug_info    0x00008ae2      0x74c Libraries\STM32F4xx_StdPeriph_Driver\src\stm32f4xx_dma.o
 .debug_info    0x0000922e      0xb1a Libraries\STM32F4xx_StdPeriph_Driver\src\stm32f4xx_spi.o
 .debug_info    0x00009d48     0x108b Utilities\STM32F4-Discovery\stm32f4_discovery_audio_codec.o
 .debug_info    0x0000add3      0x12d src\STM32F4-Discovery_callback.o
 .debug_info    0x0000af00      0xc96 src\TaskGenerator.o
 .debug_info    0x0000bb96      0xbd3 src\TaskMonitor.o
 .debug_info    0x0000c769      0xe69 src\TaskScheduler.o
 .debug_info    0x0000d5d2      0xb75 src\main.o
 .debug_info    0x0000e147       0xc3 src\startup_stm32f4xx.o
 .debug_info    0x0000e20a      0x121 src\stm32f4xx_it.o
 .debug_info    0x0000e32b     0x11e2 src\syscalls.o
 .debug_info    0x0000f50d      0x5d0 src\system_stm32f4xx.o
 .debug_info    0x0000fadd      0xb55 src\tiny_printf.o

.debug_abbrev   0x00000000     0x2857
 .debug_abbrev  0x00000000      0x16d FreeRTOS_Source\croutine.o
 .debug_abbrev  0x0000016d      0x1c5 FreeRTOS_Source\list.o
 .debug_abbrev  0x00000332      0x2d0 FreeRTOS_Source\portable\GCC\ARM_CM4F\port.o
 .debug_abbrev  0x00000602      0x2cf FreeRTOS_Source\portable\MemMang\heap_4.o
 .debug_abbrev  0x000008d1      0x2d4 FreeRTOS_Source\queue.o
 .debug_abbrev  0x00000ba5      0x373 FreeRTOS_Source\tasks.o
 .debug_abbrev  0x00000f18      0x2a0 FreeRTOS_Source\timers.o
 .debug_abbrev  0x000011b8      0x191 Libraries\STM32F4xx_StdPeriph_Driver\src\stm32f4xx_dac.o
 .debug_abbrev  0x00001349      0x168 Libraries\STM32F4xx_StdPeriph_Driver\src\stm32f4xx_dma.o
 .debug_abbrev  0x000014b1      0x17a Libraries\STM32F4xx_StdPeriph_Driver\src\stm32f4xx_spi.o
 .debug_abbrev  0x0000162b      0x276 Utilities\STM32F4-Discovery\stm32f4_discovery_audio_codec.o
 .debug_abbrev  0x000018a1       0xa3 src\STM32F4-Discovery_callback.o
 .debug_abbrev  0x00001944      0x1e2 src\TaskGenerator.o
 .debug_abbrev  0x00001b26      0x1e4 src\TaskMonitor.o
 .debug_abbrev  0x00001d0a      0x259 src\TaskScheduler.o
 .debug_abbrev  0x00001f63      0x225 src\main.o
 .debug_abbrev  0x00002188       0x12 src\startup_stm32f4xx.o
 .debug_abbrev  0x0000219a       0x78 src\stm32f4xx_it.o
 .debug_abbrev  0x00002212      0x2d9 src\syscalls.o
 .debug_abbrev  0x000024eb      0x158 src\system_stm32f4xx.o
 .debug_abbrev  0x00002643      0x214 src\tiny_printf.o

.debug_aranges  0x00000000      0xae0
 .debug_aranges
                0x00000000       0x18 FreeRTOS_Source\croutine.o
 .debug_aranges
                0x00000018       0x40 FreeRTOS_Source\list.o
 .debug_aranges
                0x00000058       0x80 FreeRTOS_Source\portable\GCC\ARM_CM4F\port.o
 .debug_aranges
                0x000000d8       0x50 FreeRTOS_Source\portable\MemMang\heap_4.o
 .debug_aranges
                0x00000128      0x100 FreeRTOS_Source\queue.o
 .debug_aranges
                0x00000228      0x1a0 FreeRTOS_Source\tasks.o
 .debug_aranges
                0x000003c8       0xb8 FreeRTOS_Source\timers.o
 .debug_aranges
                0x00000480       0xa0 Libraries\STM32F4xx_StdPeriph_Driver\src\stm32f4xx_dac.o
 .debug_aranges
                0x00000520       0xb0 Libraries\STM32F4xx_StdPeriph_Driver\src\stm32f4xx_dma.o
 .debug_aranges
                0x000005d0       0xe0 Libraries\STM32F4xx_StdPeriph_Driver\src\stm32f4xx_spi.o
 .debug_aranges
                0x000006b0      0x130 Utilities\STM32F4-Discovery\stm32f4_discovery_audio_codec.o
 .debug_aranges
                0x000007e0       0x30 src\STM32F4-Discovery_callback.o
 .debug_aranges
                0x00000810       0x48 src\TaskGenerator.o
 .debug_aranges
                0x00000858       0x28 src\TaskMonitor.o
 .debug_aranges
                0x00000880       0x68 src\TaskScheduler.o
 .debug_aranges
                0x000008e8       0x40 src\main.o
 .debug_aranges
                0x00000928       0x28 src\startup_stm32f4xx.o
 .debug_aranges
                0x00000950       0x48 src\stm32f4xx_it.o
 .debug_aranges
                0x00000998       0xd0 src\syscalls.o
 .debug_aranges
                0x00000a68       0x30 src\system_stm32f4xx.o
 .debug_aranges
                0x00000a98       0x48 src\tiny_printf.o

.debug_line     0x00000000     0x5e19
 .debug_line    0x00000000      0x295 FreeRTOS_Source\croutine.o
 .debug_line    0x00000295      0x31c FreeRTOS_Source\list.o
 .debug_line    0x000005b1      0x500 FreeRTOS_Source\portable\GCC\ARM_CM4F\port.o
 .debug_line    0x00000ab1      0x44c FreeRTOS_Source\portable\MemMang\heap_4.o
 .debug_line    0x00000efd      0xaae FreeRTOS_Source\queue.o
 .debug_line    0x000019ab      0xe18 FreeRTOS_Source\tasks.o
 .debug_line    0x000027c3      0x655 FreeRTOS_Source\timers.o
 .debug_line    0x00002e18      0x367 Libraries\STM32F4xx_StdPeriph_Driver\src\stm32f4xx_dac.o
 .debug_line    0x0000317f      0x43f Libraries\STM32F4xx_StdPeriph_Driver\src\stm32f4xx_dma.o
 .debug_line    0x000035be      0x46e Libraries\STM32F4xx_StdPeriph_Driver\src\stm32f4xx_spi.o
 .debug_line    0x00003a2c      0x70f Utilities\STM32F4-Discovery\stm32f4_discovery_audio_codec.o
 .debug_line    0x0000413b      0x1c4 src\STM32F4-Discovery_callback.o
 .debug_line    0x000042ff      0x3da src\TaskGenerator.o
 .debug_line    0x000046d9      0x330 src\TaskMonitor.o
 .debug_line    0x00004a09      0x485 src\TaskScheduler.o
 .debug_line    0x00004e8e      0x3c8 src\main.o
 .debug_line    0x00005256       0x77 src\startup_stm32f4xx.o
 .debug_line    0x000052cd      0x1f4 src\stm32f4xx_it.o
 .debug_line    0x000054c1      0x4c6 src\syscalls.o
 .debug_line    0x00005987      0x219 src\system_stm32f4xx.o
 .debug_line    0x00005ba0      0x279 src\tiny_printf.o

.debug_str      0x00000000     0x3fbc
 .debug_str     0x00000000      0x696 FreeRTOS_Source\croutine.o
                                0x72e (size before relaxing)
 .debug_str     0x00000696      0x14e FreeRTOS_Source\list.o
                                0x78e (size before relaxing)
 .debug_str     0x000007e4      0x26d FreeRTOS_Source\portable\GCC\ARM_CM4F\port.o
                                0x9a7 (size before relaxing)
 .debug_str     0x00000a51      0x1fd FreeRTOS_Source\portable\MemMang\heap_4.o
                                0x950 (size before relaxing)
 .debug_str     0x00000c4e      0x547 FreeRTOS_Source\queue.o
                                0xda1 (size before relaxing)
 .debug_str     0x00001195      0x9da FreeRTOS_Source\tasks.o
                               0x131d (size before relaxing)
 .debug_str     0x00001b6f      0x40e FreeRTOS_Source\timers.o
                                0xc8b (size before relaxing)
 .debug_str     0x00001f7d      0x2c0 Libraries\STM32F4xx_StdPeriph_Driver\src\stm32f4xx_dac.o
                                0x527 (size before relaxing)
 .debug_str     0x0000223d      0x37e Libraries\STM32F4xx_StdPeriph_Driver\src\stm32f4xx_dma.o
                                0x616 (size before relaxing)
 .debug_str     0x000025bb      0x4a9 Libraries\STM32F4xx_StdPeriph_Driver\src\stm32f4xx_spi.o
                                0x75e (size before relaxing)
 .debug_str     0x00002a64      0xc27 Utilities\STM32F4-Discovery\stm32f4_discovery_audio_codec.o
                               0x1138 (size before relaxing)
 .debug_str     0x0000368b       0x84 src\STM32F4-Discovery_callback.o
                                0x2c2 (size before relaxing)
 .debug_str     0x0000370f      0x109 src\TaskGenerator.o
                                0x880 (size before relaxing)
 .debug_str     0x00003818       0xf8 src\TaskMonitor.o
                                0x8b5 (size before relaxing)
 .debug_str     0x00003910      0x1a7 src\TaskScheduler.o
                                0x9a7 (size before relaxing)
 .debug_str     0x00003ab7       0x57 src\main.o
                                0x852 (size before relaxing)
 .debug_str     0x00003b0e       0x7b src\stm32f4xx_it.o
                                0x298 (size before relaxing)
 .debug_str     0x00003b89      0x2b7 src\syscalls.o
                                0x9da (size before relaxing)
 .debug_str     0x00003e40      0x100 src\system_stm32f4xx.o
                                0x44f (size before relaxing)
 .debug_str     0x00003f40       0x7c src\tiny_printf.o
                                0x6a3 (size before relaxing)

.comment        0x00000000       0x7c
 .comment       0x00000000       0x7c FreeRTOS_Source\croutine.o
                                 0x7d (size before relaxing)
 .comment       0x0000007c       0x7d FreeRTOS_Source\list.o
 .comment       0x0000007c       0x7d FreeRTOS_Source\portable\GCC\ARM_CM4F\port.o
 .comment       0x0000007c       0x7d FreeRTOS_Source\portable\MemMang\heap_4.o
 .comment       0x0000007c       0x7d FreeRTOS_Source\queue.o
 .comment       0x0000007c       0x7d FreeRTOS_Source\tasks.o
 .comment       0x0000007c       0x7d FreeRTOS_Source\timers.o
 .comment       0x0000007c       0x7d Libraries\STM32F4xx_StdPeriph_Driver\src\stm32f4xx_dac.o
 .comment       0x0000007c       0x7d Libraries\STM32F4xx_StdPeriph_Driver\src\stm32f4xx_dma.o
 .comment       0x0000007c       0x7d Libraries\STM32F4xx_StdPeriph_Driver\src\stm32f4xx_spi.o
 .comment       0x0000007c       0x7d Utilities\STM32F4-Discovery\stm32f4_discovery_audio_codec.o
 .comment       0x0000007c       0x7d src\STM32F4-Discovery_callback.o
 .comment       0x0000007c       0x7d src\TaskGenerator.o
 .comment       0x0000007c       0x7d src\TaskMonitor.o
 .comment       0x0000007c       0x7d src\TaskScheduler.o
 .comment       0x0000007c       0x7d src\main.o
 .comment       0x0000007c       0x7d src\stm32f4xx_it.o
 .comment       0x0000007c       0x7d src\syscalls.o
 .comment       0x0000007c       0x7d src\system_stm32f4xx.o
 .comment       0x0000007c       0x7d src\tiny_printf.o

.debug_ranges   0x00000000      0x9a8
 .debug_ranges  0x00000000       0x30 FreeRTOS_Source\list.o
 .debug_ranges  0x00000030       0x70 FreeRTOS_Source\portable\GCC\ARM_CM4F\port.o
 .debug_ranges  0x000000a0       0x40 FreeRTOS_Source\portable\MemMang\heap_4.o
 .debug_ranges  0x000000e0       0xf0 FreeRTOS_Source\queue.o
 .debug_ranges  0x000001d0      0x190 FreeRTOS_Source\tasks.o
 .debug_ranges  0x00000360       0xa8 FreeRTOS_Source\timers.o
 .debug_ranges  0x00000408       0x90 Libraries\STM32F4xx_StdPeriph_Driver\src\stm32f4xx_dac.o
 .debug_ranges  0x00000498       0xa0 Libraries\STM32F4xx_StdPeriph_Driver\src\stm32f4xx_dma.o
 .debug_ranges  0x00000538       0xd0 Libraries\STM32F4xx_StdPeriph_Driver\src\stm32f4xx_spi.o
 .debug_ranges  0x00000608      0x120 Utilities\STM32F4-Discovery\stm32f4_discovery_audio_codec.o
 .debug_ranges  0x00000728       0x20 src\STM32F4-Discovery_callback.o
 .debug_ranges  0x00000748       0x38 src\TaskGenerator.o
 .debug_ranges  0x00000780       0x18 src\TaskMonitor.o
 .debug_ranges  0x00000798       0x70 src\TaskScheduler.o
 .debug_ranges  0x00000808       0x30 src\main.o
 .debug_ranges  0x00000838       0x20 src\startup_stm32f4xx.o
 .debug_ranges  0x00000858       0x38 src\stm32f4xx_it.o
 .debug_ranges  0x00000890       0xc0 src\syscalls.o
 .debug_ranges  0x00000950       0x20 src\system_stm32f4xx.o
 .debug_ranges  0x00000970       0x38 src\tiny_printf.o

.debug_frame    0x00000000     0x3018
 .debug_frame   0x00000000       0xd8 FreeRTOS_Source\list.o
 .debug_frame   0x000000d8      0x19c FreeRTOS_Source\portable\GCC\ARM_CM4F\port.o
 .debug_frame   0x00000274      0x108 FreeRTOS_Source\portable\MemMang\heap_4.o
 .debug_frame   0x0000037c      0x448 FreeRTOS_Source\queue.o
 .debug_frame   0x000007c4      0x700 FreeRTOS_Source\tasks.o
 .debug_frame   0x00000ec4      0x2f0 FreeRTOS_Source\timers.o
 .debug_frame   0x000011b4      0x2ac Libraries\STM32F4xx_StdPeriph_Driver\src\stm32f4xx_dac.o
 .debug_frame   0x00001460      0x308 Libraries\STM32F4xx_StdPeriph_Driver\src\stm32f4xx_dma.o
 .debug_frame   0x00001768      0x3f4 Libraries\STM32F4xx_StdPeriph_Driver\src\stm32f4xx_spi.o
 .debug_frame   0x00001b5c      0x4bc Utilities\STM32F4-Discovery\stm32f4_discovery_audio_codec.o
 .debug_frame   0x00002018       0x70 src\STM32F4-Discovery_callback.o
 .debug_frame   0x00002088       0xf4 src\TaskGenerator.o
 .debug_frame   0x0000217c       0x58 src\TaskMonitor.o
 .debug_frame   0x000021d4      0x168 src\TaskScheduler.o
 .debug_frame   0x0000233c       0xb8 src\main.o
 .debug_frame   0x000023f4       0xb0 src\stm32f4xx_it.o
 .debug_frame   0x000024a4      0x380 src\syscalls.o
 .debug_frame   0x00002824       0x7c src\system_stm32f4xx.o
 .debug_frame   0x000028a0      0x150 src\tiny_printf.o
 .debug_frame   0x000029f0       0x2c c:/program files (x86)/atollic/truestudio for stm32 9.1.0/armtools/bin/../lib/gcc/arm-atollic-eabi/6.3.1/../../../../arm-atollic-eabi/lib/armv7e-m/softfp\libc_nano.a(lib_a-init.o)
 .debug_frame   0x00002a1c       0x30 c:/program files (x86)/atollic/truestudio for stm32 9.1.0/armtools/bin/../lib/gcc/arm-atollic-eabi/6.3.1/../../../../arm-atollic-eabi/lib/armv7e-m/softfp\libc_nano.a(lib_a-malloc.o)
 .debug_frame   0x00002a4c       0x28 c:/program files (x86)/atollic/truestudio for stm32 9.1.0/armtools/bin/../lib/gcc/arm-atollic-eabi/6.3.1/../../../../arm-atollic-eabi/lib/armv7e-m/softfp\libc_nano.a(lib_a-memcpy-stub.o)
 .debug_frame   0x00002a74       0x20 c:/program files (x86)/atollic/truestudio for stm32 9.1.0/armtools/bin/../lib/gcc/arm-atollic-eabi/6.3.1/../../../../arm-atollic-eabi/lib/armv7e-m/softfp\libc_nano.a(lib_a-memset.o)
 .debug_frame   0x00002a94       0x38 c:/program files (x86)/atollic/truestudio for stm32 9.1.0/armtools/bin/../lib/gcc/arm-atollic-eabi/6.3.1/../../../../arm-atollic-eabi/lib/armv7e-m/softfp\libc_nano.a(lib_a-nano-freer.o)
 .debug_frame   0x00002acc       0x2c c:/program files (x86)/atollic/truestudio for stm32 9.1.0/armtools/bin/../lib/gcc/arm-atollic-eabi/6.3.1/../../../../arm-atollic-eabi/lib/armv7e-m/softfp\libc_nano.a(lib_a-nano-mallocr.o)
 .debug_frame   0x00002af8       0x3c c:/program files (x86)/atollic/truestudio for stm32 9.1.0/armtools/bin/../lib/gcc/arm-atollic-eabi/6.3.1/../../../../arm-atollic-eabi/lib/armv7e-m/softfp\libc_nano.a(lib_a-puts.o)
 .debug_frame   0x00002b34       0x5c c:/program files (x86)/atollic/truestudio for stm32 9.1.0/armtools/bin/../lib/gcc/arm-atollic-eabi/6.3.1/../../../../arm-atollic-eabi/lib/armv7e-m/softfp\libc_nano.a(lib_a-reent.o)
 .debug_frame   0x00002b90       0x2c c:/program files (x86)/atollic/truestudio for stm32 9.1.0/armtools/bin/../lib/gcc/arm-atollic-eabi/6.3.1/../../../../arm-atollic-eabi/lib/armv7e-m/softfp\libc_nano.a(lib_a-sbrkr.o)
 .debug_frame   0x00002bbc       0x40 c:/program files (x86)/atollic/truestudio for stm32 9.1.0/armtools/bin/../lib/gcc/arm-atollic-eabi/6.3.1/../../../../arm-atollic-eabi/lib/armv7e-m/softfp\libc_nano.a(lib_a-wbuf.o)
 .debug_frame   0x00002bfc       0x2c c:/program files (x86)/atollic/truestudio for stm32 9.1.0/armtools/bin/../lib/gcc/arm-atollic-eabi/6.3.1/../../../../arm-atollic-eabi/lib/armv7e-m/softfp\libc_nano.a(lib_a-wsetup.o)
 .debug_frame   0x00002c28       0x68 c:/program files (x86)/atollic/truestudio for stm32 9.1.0/armtools/bin/../lib/gcc/arm-atollic-eabi/6.3.1/../../../../arm-atollic-eabi/lib/armv7e-m/softfp\libc_nano.a(lib_a-fflush.o)
 .debug_frame   0x00002c90      0x11c c:/program files (x86)/atollic/truestudio for stm32 9.1.0/armtools/bin/../lib/gcc/arm-atollic-eabi/6.3.1/../../../../arm-atollic-eabi/lib/armv7e-m/softfp\libc_nano.a(lib_a-findfp.o)
 .debug_frame   0x00002dac       0x54 c:/program files (x86)/atollic/truestudio for stm32 9.1.0/armtools/bin/../lib/gcc/arm-atollic-eabi/6.3.1/../../../../arm-atollic-eabi/lib/armv7e-m/softfp\libc_nano.a(lib_a-fwalk.o)
 .debug_frame   0x00002e00       0x58 c:/program files (x86)/atollic/truestudio for stm32 9.1.0/armtools/bin/../lib/gcc/arm-atollic-eabi/6.3.1/../../../../arm-atollic-eabi/lib/armv7e-m/softfp\libc_nano.a(lib_a-makebuf.o)
 .debug_frame   0x00002e58       0x30 c:/program files (x86)/atollic/truestudio for stm32 9.1.0/armtools/bin/../lib/gcc/arm-atollic-eabi/6.3.1/../../../../arm-atollic-eabi/lib/armv7e-m/softfp\libc_nano.a(lib_a-mlock.o)
 .debug_frame   0x00002e88       0x88 c:/program files (x86)/atollic/truestudio for stm32 9.1.0/armtools/bin/../lib/gcc/arm-atollic-eabi/6.3.1/../../../../arm-atollic-eabi/lib/armv7e-m/softfp\libc_nano.a(lib_a-stdio.o)
 .debug_frame   0x00002f10       0x2c c:/program files (x86)/atollic/truestudio for stm32 9.1.0/armtools/bin/../lib/gcc/arm-atollic-eabi/6.3.1/../../../../arm-atollic-eabi/lib/armv7e-m/softfp\libc_nano.a(lib_a-writer.o)
 .debug_frame   0x00002f3c       0x2c c:/program files (x86)/atollic/truestudio for stm32 9.1.0/armtools/bin/../lib/gcc/arm-atollic-eabi/6.3.1/../../../../arm-atollic-eabi/lib/armv7e-m/softfp\libc_nano.a(lib_a-closer.o)
 .debug_frame   0x00002f68       0x2c c:/program files (x86)/atollic/truestudio for stm32 9.1.0/armtools/bin/../lib/gcc/arm-atollic-eabi/6.3.1/../../../../arm-atollic-eabi/lib/armv7e-m/softfp\libc_nano.a(lib_a-fstatr.o)
 .debug_frame   0x00002f94       0x2c c:/program files (x86)/atollic/truestudio for stm32 9.1.0/armtools/bin/../lib/gcc/arm-atollic-eabi/6.3.1/../../../../arm-atollic-eabi/lib/armv7e-m/softfp\libc_nano.a(lib_a-isattyr.o)
 .debug_frame   0x00002fc0       0x2c c:/program files (x86)/atollic/truestudio for stm32 9.1.0/armtools/bin/../lib/gcc/arm-atollic-eabi/6.3.1/../../../../arm-atollic-eabi/lib/armv7e-m/softfp\libc_nano.a(lib_a-lseekr.o)
 .debug_frame   0x00002fec       0x2c c:/program files (x86)/atollic/truestudio for stm32 9.1.0/armtools/bin/../lib/gcc/arm-atollic-eabi/6.3.1/../../../../arm-atollic-eabi/lib/armv7e-m/softfp\libc_nano.a(lib_a-readr.o)

Cross Reference Table

Symbol                                            File
ADC_AnalogWatchdogCmd                             Libraries\STM32F4xx_StdPeriph_Driver\src\stm32f4xx_adc.o
ADC_AnalogWatchdogSingleChannelConfig             Libraries\STM32F4xx_StdPeriph_Driver\src\stm32f4xx_adc.o
ADC_AnalogWatchdogThresholdsConfig                Libraries\STM32F4xx_StdPeriph_Driver\src\stm32f4xx_adc.o
ADC_AutoInjectedConvCmd                           Libraries\STM32F4xx_StdPeriph_Driver\src\stm32f4xx_adc.o
ADC_ClearFlag                                     Libraries\STM32F4xx_StdPeriph_Driver\src\stm32f4xx_adc.o
ADC_ClearITPendingBit                             Libraries\STM32F4xx_StdPeriph_Driver\src\stm32f4xx_adc.o
ADC_Cmd                                           Libraries\STM32F4xx_StdPeriph_Driver\src\stm32f4xx_adc.o
ADC_CommonInit                                    Libraries\STM32F4xx_StdPeriph_Driver\src\stm32f4xx_adc.o
ADC_CommonStructInit                              Libraries\STM32F4xx_StdPeriph_Driver\src\stm32f4xx_adc.o
ADC_ContinuousModeCmd                             Libraries\STM32F4xx_StdPeriph_Driver\src\stm32f4xx_adc.o
ADC_DMACmd                                        Libraries\STM32F4xx_StdPeriph_Driver\src\stm32f4xx_adc.o
ADC_DMARequestAfterLastTransferCmd                Libraries\STM32F4xx_StdPeriph_Driver\src\stm32f4xx_adc.o
ADC_DeInit                                        Libraries\STM32F4xx_StdPeriph_Driver\src\stm32f4xx_adc.o
ADC_DiscModeChannelCountConfig                    Libraries\STM32F4xx_StdPeriph_Driver\src\stm32f4xx_adc.o
ADC_DiscModeCmd                                   Libraries\STM32F4xx_StdPeriph_Driver\src\stm32f4xx_adc.o
ADC_EOCOnEachRegularChannelCmd                    Libraries\STM32F4xx_StdPeriph_Driver\src\stm32f4xx_adc.o
ADC_ExternalTrigInjectedConvConfig                Libraries\STM32F4xx_StdPeriph_Driver\src\stm32f4xx_adc.o
ADC_ExternalTrigInjectedConvEdgeConfig            Libraries\STM32F4xx_StdPeriph_Driver\src\stm32f4xx_adc.o
ADC_GetConversionValue                            Libraries\STM32F4xx_StdPeriph_Driver\src\stm32f4xx_adc.o
ADC_GetFlagStatus                                 Libraries\STM32F4xx_StdPeriph_Driver\src\stm32f4xx_adc.o
ADC_GetITStatus                                   Libraries\STM32F4xx_StdPeriph_Driver\src\stm32f4xx_adc.o
ADC_GetInjectedConversionValue                    Libraries\STM32F4xx_StdPeriph_Driver\src\stm32f4xx_adc.o
ADC_GetMultiModeConversionValue                   Libraries\STM32F4xx_StdPeriph_Driver\src\stm32f4xx_adc.o
ADC_GetSoftwareStartConvStatus                    Libraries\STM32F4xx_StdPeriph_Driver\src\stm32f4xx_adc.o
ADC_GetSoftwareStartInjectedConvCmdStatus         Libraries\STM32F4xx_StdPeriph_Driver\src\stm32f4xx_adc.o
ADC_IRQHandler                                    src\startup_stm32f4xx.o
ADC_ITConfig                                      Libraries\STM32F4xx_StdPeriph_Driver\src\stm32f4xx_adc.o
ADC_Init                                          Libraries\STM32F4xx_StdPeriph_Driver\src\stm32f4xx_adc.o
ADC_InjectedChannelConfig                         Libraries\STM32F4xx_StdPeriph_Driver\src\stm32f4xx_adc.o
ADC_InjectedDiscModeCmd                           Libraries\STM32F4xx_StdPeriph_Driver\src\stm32f4xx_adc.o
ADC_InjectedSequencerLengthConfig                 Libraries\STM32F4xx_StdPeriph_Driver\src\stm32f4xx_adc.o
ADC_MultiModeDMARequestAfterLastTransferCmd       Libraries\STM32F4xx_StdPeriph_Driver\src\stm32f4xx_adc.o
ADC_RegularChannelConfig                          Libraries\STM32F4xx_StdPeriph_Driver\src\stm32f4xx_adc.o
ADC_SetInjectedOffset                             Libraries\STM32F4xx_StdPeriph_Driver\src\stm32f4xx_adc.o
ADC_SoftwareStartConv                             Libraries\STM32F4xx_StdPeriph_Driver\src\stm32f4xx_adc.o
ADC_SoftwareStartInjectedConv                     Libraries\STM32F4xx_StdPeriph_Driver\src\stm32f4xx_adc.o
ADC_StructInit                                    Libraries\STM32F4xx_StdPeriph_Driver\src\stm32f4xx_adc.o
ADC_TempSensorVrefintCmd                          Libraries\STM32F4xx_StdPeriph_Driver\src\stm32f4xx_adc.o
ADC_VBATCmd                                       Libraries\STM32F4xx_StdPeriph_Driver\src\stm32f4xx_adc.o
AHBPrescTable                                     src\system_stm32f4xx.o
AUDIO_MAL_DMA_CHANNEL                             Utilities\STM32F4-Discovery\stm32f4_discovery_audio_codec.o
AUDIO_MAL_DMA_CLOCK                               Utilities\STM32F4-Discovery\stm32f4_discovery_audio_codec.o
AUDIO_MAL_DMA_DREG                                Utilities\STM32F4-Discovery\stm32f4_discovery_audio_codec.o
AUDIO_MAL_DMA_FLAG_DME                            Utilities\STM32F4-Discovery\stm32f4_discovery_audio_codec.o
AUDIO_MAL_DMA_FLAG_FE                             Utilities\STM32F4-Discovery\stm32f4_discovery_audio_codec.o
AUDIO_MAL_DMA_FLAG_HT                             Utilities\STM32F4-Discovery\stm32f4_discovery_audio_codec.o
AUDIO_MAL_DMA_FLAG_TC                             Utilities\STM32F4-Discovery\stm32f4_discovery_audio_codec.o
AUDIO_MAL_DMA_FLAG_TE                             Utilities\STM32F4-Discovery\stm32f4_discovery_audio_codec.o
AUDIO_MAL_DMA_IRQ                                 Utilities\STM32F4-Discovery\stm32f4_discovery_audio_codec.o
AUDIO_MAL_DMA_InitStructure                       Utilities\STM32F4-Discovery\stm32f4_discovery_audio_codec.o
AUDIO_MAL_DMA_STREAM                              Utilities\STM32F4-Discovery\stm32f4_discovery_audio_codec.o
AudioRemSize                                      Utilities\STM32F4-Discovery\stm32f4_discovery_audio_codec.o
AudioTotalSize                                    Utilities\STM32F4-Discovery\stm32f4_discovery_audio_codec.o
Audio_MAL_Play                                    Utilities\STM32F4-Discovery\stm32f4_discovery_audio_codec.o
BUTTON_CLK                                        Utilities\STM32F4-Discovery\stm32f4_discovery.o
BUTTON_EXTI_LINE                                  Utilities\STM32F4-Discovery\stm32f4_discovery.o
BUTTON_IRQn                                       Utilities\STM32F4-Discovery\stm32f4_discovery.o
BUTTON_PIN                                        Utilities\STM32F4-Discovery\stm32f4_discovery.o
BUTTON_PIN_SOURCE                                 Utilities\STM32F4-Discovery\stm32f4_discovery.o
BUTTON_PORT                                       Utilities\STM32F4-Discovery\stm32f4_discovery.o
BUTTON_PORT_SOURCE                                Utilities\STM32F4-Discovery\stm32f4_discovery.o
BusFault_Handler                                  src\stm32f4xx_it.o
                                                  src\startup_stm32f4xx.o
CAN1_RX0_IRQHandler                               src\startup_stm32f4xx.o
CAN1_RX1_IRQHandler                               src\startup_stm32f4xx.o
CAN1_SCE_IRQHandler                               src\startup_stm32f4xx.o
CAN1_TX_IRQHandler                                src\startup_stm32f4xx.o
CAN2_RX0_IRQHandler                               src\startup_stm32f4xx.o
CAN2_RX1_IRQHandler                               src\startup_stm32f4xx.o
CAN2_SCE_IRQHandler                               src\startup_stm32f4xx.o
CAN2_TX_IRQHandler                                src\startup_stm32f4xx.o
CAN_CancelTransmit                                Libraries\STM32F4xx_StdPeriph_Driver\src\stm32f4xx_can.o
CAN_ClearFlag                                     Libraries\STM32F4xx_StdPeriph_Driver\src\stm32f4xx_can.o
CAN_ClearITPendingBit                             Libraries\STM32F4xx_StdPeriph_Driver\src\stm32f4xx_can.o
CAN_DBGFreeze                                     Libraries\STM32F4xx_StdPeriph_Driver\src\stm32f4xx_can.o
CAN_DeInit                                        Libraries\STM32F4xx_StdPeriph_Driver\src\stm32f4xx_can.o
CAN_FIFORelease                                   Libraries\STM32F4xx_StdPeriph_Driver\src\stm32f4xx_can.o
CAN_FilterInit                                    Libraries\STM32F4xx_StdPeriph_Driver\src\stm32f4xx_can.o
CAN_GetFlagStatus                                 Libraries\STM32F4xx_StdPeriph_Driver\src\stm32f4xx_can.o
CAN_GetITStatus                                   Libraries\STM32F4xx_StdPeriph_Driver\src\stm32f4xx_can.o
CAN_GetLSBTransmitErrorCounter                    Libraries\STM32F4xx_StdPeriph_Driver\src\stm32f4xx_can.o
CAN_GetLastErrorCode                              Libraries\STM32F4xx_StdPeriph_Driver\src\stm32f4xx_can.o
CAN_GetReceiveErrorCounter                        Libraries\STM32F4xx_StdPeriph_Driver\src\stm32f4xx_can.o
CAN_ITConfig                                      Libraries\STM32F4xx_StdPeriph_Driver\src\stm32f4xx_can.o
CAN_Init                                          Libraries\STM32F4xx_StdPeriph_Driver\src\stm32f4xx_can.o
CAN_MessagePending                                Libraries\STM32F4xx_StdPeriph_Driver\src\stm32f4xx_can.o
CAN_OperatingModeRequest                          Libraries\STM32F4xx_StdPeriph_Driver\src\stm32f4xx_can.o
CAN_Receive                                       Libraries\STM32F4xx_StdPeriph_Driver\src\stm32f4xx_can.o
CAN_SlaveStartBank                                Libraries\STM32F4xx_StdPeriph_Driver\src\stm32f4xx_can.o
CAN_Sleep                                         Libraries\STM32F4xx_StdPeriph_Driver\src\stm32f4xx_can.o
CAN_StructInit                                    Libraries\STM32F4xx_StdPeriph_Driver\src\stm32f4xx_can.o
CAN_TTComModeCmd                                  Libraries\STM32F4xx_StdPeriph_Driver\src\stm32f4xx_can.o
CAN_Transmit                                      Libraries\STM32F4xx_StdPeriph_Driver\src\stm32f4xx_can.o
CAN_TransmitStatus                                Libraries\STM32F4xx_StdPeriph_Driver\src\stm32f4xx_can.o
CAN_WakeUp                                        Libraries\STM32F4xx_StdPeriph_Driver\src\stm32f4xx_can.o
CODECTimeout                                      Utilities\STM32F4-Discovery\stm32f4_discovery_audio_codec.o
CRC_CalcBlockCRC                                  Libraries\STM32F4xx_StdPeriph_Driver\src\stm32f4xx_crc.o
CRC_CalcCRC                                       Libraries\STM32F4xx_StdPeriph_Driver\src\stm32f4xx_crc.o
CRC_GetCRC                                        Libraries\STM32F4xx_StdPeriph_Driver\src\stm32f4xx_crc.o
CRC_GetIDRegister                                 Libraries\STM32F4xx_StdPeriph_Driver\src\stm32f4xx_crc.o
CRC_ResetDR                                       Libraries\STM32F4xx_StdPeriph_Driver\src\stm32f4xx_crc.o
CRC_SetIDRegister                                 Libraries\STM32F4xx_StdPeriph_Driver\src\stm32f4xx_crc.o
CRYP_AES_CBC                                      Libraries\STM32F4xx_StdPeriph_Driver\src\stm32f4xx_cryp_aes.o
CRYP_AES_CTR                                      Libraries\STM32F4xx_StdPeriph_Driver\src\stm32f4xx_cryp_aes.o
CRYP_AES_ECB                                      Libraries\STM32F4xx_StdPeriph_Driver\src\stm32f4xx_cryp_aes.o
CRYP_Cmd                                          Libraries\STM32F4xx_StdPeriph_Driver\src\stm32f4xx_cryp.o
                                                  Libraries\STM32F4xx_StdPeriph_Driver\src\stm32f4xx_cryp_tdes.o
                                                  Libraries\STM32F4xx_StdPeriph_Driver\src\stm32f4xx_cryp_des.o
                                                  Libraries\STM32F4xx_StdPeriph_Driver\src\stm32f4xx_cryp_aes.o
CRYP_DES_CBC                                      Libraries\STM32F4xx_StdPeriph_Driver\src\stm32f4xx_cryp_des.o
CRYP_DES_ECB                                      Libraries\STM32F4xx_StdPeriph_Driver\src\stm32f4xx_cryp_des.o
CRYP_DMACmd                                       Libraries\STM32F4xx_StdPeriph_Driver\src\stm32f4xx_cryp.o
CRYP_DataIn                                       Libraries\STM32F4xx_StdPeriph_Driver\src\stm32f4xx_cryp.o
                                                  Libraries\STM32F4xx_StdPeriph_Driver\src\stm32f4xx_cryp_tdes.o
                                                  Libraries\STM32F4xx_StdPeriph_Driver\src\stm32f4xx_cryp_des.o
                                                  Libraries\STM32F4xx_StdPeriph_Driver\src\stm32f4xx_cryp_aes.o
CRYP_DataOut                                      Libraries\STM32F4xx_StdPeriph_Driver\src\stm32f4xx_cryp.o
                                                  Libraries\STM32F4xx_StdPeriph_Driver\src\stm32f4xx_cryp_tdes.o
                                                  Libraries\STM32F4xx_StdPeriph_Driver\src\stm32f4xx_cryp_des.o
                                                  Libraries\STM32F4xx_StdPeriph_Driver\src\stm32f4xx_cryp_aes.o
CRYP_DeInit                                       Libraries\STM32F4xx_StdPeriph_Driver\src\stm32f4xx_cryp.o
CRYP_FIFOFlush                                    Libraries\STM32F4xx_StdPeriph_Driver\src\stm32f4xx_cryp.o